Component: ARM Compiler 5.06 update 6 (build 750) Tool: armlink [4d35ed]

==============================================================================

Section Cross References

    startup_stm32f072xb.o(RESET) refers to startup_stm32f072xb.o(STACK) for __initial_sp
    startup_stm32f072xb.o(RESET) refers to startup_stm32f072xb.o(.text) for Reset_Handler
    startup_stm32f072xb.o(RESET) refers to stm32f0xx_it.o(i.NMI_Handler) for NMI_Handler
    startup_stm32f072xb.o(RESET) refers to stm32f0xx_it.o(i.HardFault_Handler) for HardFault_Handler
    startup_stm32f072xb.o(RESET) refers to port.o(i.SVC_Handler) for SVC_Handler
    startup_stm32f072xb.o(RESET) refers to port.o(.emb_text) for PendSV_Handler
    startup_stm32f072xb.o(RESET) refers to port.o(i.SysTick_Handler) for SysTick_Handler
    startup_stm32f072xb.o(RESET) refers to stm32f0xx_it.o(i.EXTI0_1_IRQHandler) for EXTI0_1_IRQHandler
    startup_stm32f072xb.o(RESET) refers to stm32f0xx_it.o(i.TIM6_DAC_IRQHandler) for TIM6_DAC_IRQHandler
    startup_stm32f072xb.o(RESET) refers to stm32f0xx_it.o(i.USB_IRQHandler) for USB_IRQHandler
    startup_stm32f072xb.o(.text) refers to system_stm32f0xx.o(i.SystemInit) for SystemInit
    startup_stm32f072xb.o(.text) refers to entry.o(.ARM.Collect$$$$00000000) for __main
    ssd1306.o(i.ssd1306_DrawPixel) refers to ssd1306.o(.data) for .data
    ssd1306.o(i.ssd1306_DrawPixel) refers to ssd1306.o(.bss) for .bss
    ssd1306.o(i.ssd1306_Fill) refers to ssd1306.o(.bss) for .bss
    ssd1306.o(i.ssd1306_Init) refers to stm32f0xx_hal.o(i.HAL_Delay) for HAL_Delay
    ssd1306.o(i.ssd1306_Init) refers to ssd1306.o(i.ssd1306_WriteCommand) for ssd1306_WriteCommand
    ssd1306.o(i.ssd1306_Init) refers to ssd1306.o(i.ssd1306_Fill) for ssd1306_Fill
    ssd1306.o(i.ssd1306_Init) refers to ssd1306.o(i.ssd1306_UpdateScreen) for ssd1306_UpdateScreen
    ssd1306.o(i.ssd1306_Init) refers to ssd1306.o(.data) for .data
    ssd1306.o(i.ssd1306_SetCursor) refers to ssd1306.o(.data) for .data
    ssd1306.o(i.ssd1306_UpdateScreen) refers to ssd1306.o(i.ssd1306_WriteCommand) for ssd1306_WriteCommand
    ssd1306.o(i.ssd1306_UpdateScreen) refers to ssd1306.o(i.ssd1306_WriteData) for ssd1306_WriteData
    ssd1306.o(i.ssd1306_UpdateScreen) refers to ssd1306.o(.bss) for .bss
    ssd1306.o(i.ssd1306_WriteChar) refers to ssd1306.o(i.ssd1306_DrawPixel) for ssd1306_DrawPixel
    ssd1306.o(i.ssd1306_WriteChar) refers to ssd1306.o(.data) for .data
    ssd1306.o(i.ssd1306_WriteCommand) refers to stm32f0xx_hal_i2c.o(i.HAL_I2C_Mem_Write) for HAL_I2C_Mem_Write
    ssd1306.o(i.ssd1306_WriteCommand) refers to i2c.o(.bss) for hi2c1
    ssd1306.o(i.ssd1306_WriteData) refers to stm32f0xx_hal_i2c.o(i.HAL_I2C_Mem_Write) for HAL_I2C_Mem_Write
    ssd1306.o(i.ssd1306_WriteData) refers to i2c.o(.bss) for hi2c1
    ssd1306.o(i.ssd1306_WriteString) refers to ssd1306.o(i.ssd1306_WriteChar) for ssd1306_WriteChar
    ssd1306_fonts.o(.data) refers to ssd1306_fonts.o(.constdata) for Font6x8
    ssd1306_fonts.o(.data) refers to ssd1306_fonts.o(.constdata) for Font7x10
    ssd1306_fonts.o(.data) refers to ssd1306_fonts.o(.constdata) for Font11x18
    ssd1306_fonts.o(.data) refers to ssd1306_fonts.o(.constdata) for Font16x26
    main.o(i.HAL_TIM_PeriodElapsedCallback) refers to stm32f0xx_hal.o(i.HAL_IncTick) for HAL_IncTick
    main.o(i.SystemClock_Config) refers to memseta.o(.text) for __aeabi_memclr4
    main.o(i.SystemClock_Config) refers to stm32f0xx_hal_rcc.o(i.HAL_RCC_OscConfig) for HAL_RCC_OscConfig
    main.o(i.SystemClock_Config) refers to stm32f0xx_hal_rcc.o(i.HAL_RCC_ClockConfig) for HAL_RCC_ClockConfig
    main.o(i.SystemClock_Config) refers to stm32f0xx_hal_rcc_ex.o(i.HAL_RCCEx_PeriphCLKConfig) for HAL_RCCEx_PeriphCLKConfig
    main.o(i.main) refers to stm32f0xx_hal.o(i.HAL_Init) for HAL_Init
    main.o(i.main) refers to ssd1306.o(i.ssd1306_Init) for ssd1306_Init
    main.o(i.main) refers to keypad.o(i.KeyPad_Init) for KeyPad_Init
    main.o(i.main) refers to main.o(i.SystemClock_Config) for SystemClock_Config
    main.o(i.main) refers to gpio.o(i.MX_GPIO_Init) for MX_GPIO_Init
    main.o(i.main) refers to usart.o(i.MX_USART1_UART_Init) for MX_USART1_UART_Init
    main.o(i.main) refers to spi.o(i.MX_SPI1_Init) for MX_SPI1_Init
    main.o(i.main) refers to fatfs.o(i.MX_FATFS_Init) for MX_FATFS_Init
    main.o(i.main) refers to i2c.o(i.MX_I2C1_Init) for MX_I2C1_Init
    main.o(i.main) refers to adc.o(i.MX_ADC_Init) for MX_ADC_Init
    main.o(i.main) refers to iwdg.o(i.MX_IWDG_Init) for MX_IWDG_Init
    main.o(i.main) refers to tim.o(i.MX_TIM2_Init) for MX_TIM2_Init
    main.o(i.main) refers to ssd1306.o(i.ssd1306_WriteString) for ssd1306_WriteString
    main.o(i.main) refers to ssd1306.o(i.ssd1306_UpdateScreen) for ssd1306_UpdateScreen
    main.o(i.main) refers to ssd1306.o(i.ssd1306_Fill) for ssd1306_Fill
    main.o(i.main) refers to stm32f0xx_hal.o(i.HAL_Delay) for HAL_Delay
    main.o(i.main) refers to ssd1306.o(i.ssd1306_SetCursor) for ssd1306_SetCursor
[...]
    ..\Drivers\STM32F0xx_HAL_Driver\Src\stm32f0xx_hal_adc_ex.c 0x00000000   Number         0  stm32f0xx_hal_adc_ex.o ABSOLUTE
    ..\Drivers\STM32F0xx_HAL_Driver\Src\stm32f0xx_hal_cortex.c 0x00000000   Number         0  stm32f0xx_hal_cortex.o ABSOLUTE
    ..\Drivers\STM32F0xx_HAL_Driver\Src\stm32f0xx_hal_dma.c 0x00000000   Number         0  stm32f0xx_hal_dma.o ABSOLUTE
    ..\Drivers\STM32F0xx_HAL_Driver\Src\stm32f0xx_hal_exti.c 0x00000000   Number         0  stm32f0xx_hal_exti.o ABSOLUTE
    ..\Drivers\STM32F0xx_HAL_Driver\Src\stm32f0xx_hal_flash.c 0x00000000   Number         0  stm32f0xx_hal_flash.o ABSOLUTE
    ..\Drivers\STM32F0xx_HAL_Driver\Src\stm32f0xx_hal_flash_ex.c 0x00000000   Number         0  stm32f0xx_hal_flash_ex.o ABSOLUTE
    ..\Drivers\STM32F0xx_HAL_Driver\Src\stm32f0xx_hal_gpio.c 0x00000000   Number         0  stm32f0xx_hal_gpio.o ABSOLUTE
    ..\Drivers\STM32F0xx_HAL_Driver\Src\stm32f0xx_hal_i2c.c 0x00000000   Number         0  stm32f0xx_hal_i2c.o ABSOLUTE
    ..\Drivers\STM32F0xx_HAL_Driver\Src\stm32f0xx_hal_i2c_ex.c 0x00000000   Number         0  stm32f0xx_hal_i2c_ex.o ABSOLUTE
    ..\Drivers\STM32F0xx_HAL_Driver\Src\stm32f0xx_hal_iwdg.c 0x00000000   Number         0  stm32f0xx_hal_iwdg.o ABSOLUTE
    ..\Drivers\STM32F0xx_HAL_Driver\Src\stm32f0xx_hal_pcd.c 0x00000000   Number         0  stm32f0xx_hal_pcd.o ABSOLUTE
    ..\Drivers\STM32F0xx_HAL_Driver\Src\stm32f0xx_hal_pcd_ex.c 0x00000000   Number         0  stm32f0xx_hal_pcd_ex.o ABSOLUTE
    ..\Drivers\STM32F0xx_HAL_Driver\Src\stm32f0xx_hal_pwr.c 0x00000000   Number         0  stm32f0xx_hal_pwr.o ABSOLUTE
    ..\Drivers\STM32F0xx_HAL_Driver\Src\stm32f0xx_hal_pwr_ex.c 0x00000000   Number         0  stm32f0xx_hal_pwr_ex.o ABSOLUTE
    ..\Drivers\STM32F0xx_HAL_Driver\Src\stm32f0xx_hal_rcc.c 0x00000000   Number         0  stm32f0xx_hal_rcc.o ABSOLUTE
    ..\Drivers\STM32F0xx_HAL_Driver\Src\stm32f0xx_hal_rcc_ex.c 0x00000000   Number         0  stm32f0xx_hal_rcc_ex.o ABSOLUTE
    ..\Drivers\STM32F0xx_HAL_Driver\Src\stm32f0xx_hal_spi.c 0x00000000   Number         0  stm32f0xx_hal_spi.o ABSOLUTE
    ..\Drivers\STM32F0xx_HAL_Driver\Src\stm32f0xx_hal_spi_ex.c 0x00000000   Number         0  stm32f0xx_hal_spi_ex.o ABSOLUTE
    ..\Drivers\STM32F0xx_HAL_Driver\Src\stm32f0xx_hal_tim.c 0x00000000   Number         0  stm32f0xx_hal_tim.o ABSOLUTE
    ..\Drivers\STM32F0xx_HAL_Driver\Src\stm32f0xx_hal_tim_ex.c 0x00000000   Number         0  stm32f0xx_hal_tim_ex.o ABSOLUTE
    ..\Drivers\STM32F0xx_HAL_Driver\Src\stm32f0xx_hal_uart.c 0x00000000   Number         0  stm32f0xx_hal_uart.o ABSOLUTE
    ..\Drivers\STM32F0xx_HAL_Driver\Src\stm32f0xx_hal_uart_ex.c 0x00000000   Number         0  stm32f0xx_hal_uart_ex.o ABSOLUTE
    ..\Drivers\STM32F0xx_HAL_Driver\Src\stm32f0xx_ll_usb.c 0x00000000   Number         0  stm32f0xx_ll_usb.o ABSOLUTE
    ..\Middlewares\ST\STM32_USB_Device_Library\Class\HID\Src\usbd_hid.c 0x00000000   Number         0  usbd_hid.o ABSOLUTE
    ..\Middlewares\ST\STM32_USB_Device_Library\Core\Src\usbd_core.c 0x00000000   Number         0  usbd_core.o ABSOLUTE
    ..\Middlewares\ST\STM32_USB_Device_Library\Core\Src\usbd_ctlreq.c 0x00000000   Number         0  usbd_ctlreq.o ABSOLUTE
    ..\Middlewares\ST\STM32_USB_Device_Library\Core\Src\usbd_ioreq.c 0x00000000   Number         0  usbd_ioreq.o ABSOLUTE
    ..\Middlewares\Third_Party\FatFs\src\diskio.c 0x00000000   Number         0  diskio.o ABSOLUTE
    ..\Middlewares\Third_Party\FatFs\src\ff.c 0x00000000   Number         0  ff.o ABSOLUTE
    ..\Middlewares\Third_Party\FatFs\src\ff_gen_drv.c 0x00000000   Number         0  ff_gen_drv.o ABSOLUTE
    ..\Middlewares\Third_Party\FatFs\src\option\ccsbcs.c 0x00000000   Number         0  ccsbcs.o ABSOLUTE
    ..\Middlewares\Third_Party\FatFs\src\option\syscall.c 0x00000000   Number         0  syscall.o ABSOLUTE
    ..\Middlewares\Third_Party\FreeRTOS\Source\CMSIS_RTOS\cmsis_os.c 0x00000000   Number         0  cmsis_os.o ABSOLUTE
    ..\Middlewares\Third_Party\FreeRTOS\Source\portable\RVDS\ARM_CM0\port.c 0x00000000   Number         0  port.o ABSOLUTE
    ..\Src\adc.c                             0x00000000   Number         0  adc.o ABSOLUTE
    ..\Src\fatfs.c                           0x00000000   Number         0  fatfs.o ABSOLUTE
    ..\Src\freertos.c                        0x00000000   Number         0  freertos.o ABSOLUTE
    ..\Src\gpio.c                            0x00000000   Number         0  gpio.o ABSOLUTE
    ..\Src\i2c.c                             0x00000000   Number         0  i2c.o ABSOLUTE
    ..\Src\iwdg.c                            0x00000000   Number         0  iwdg.o ABSOLUTE
    ..\Src\main.c                            0x00000000   Number         0  main.o ABSOLUTE
    ..\Src\spi.c                             0x00000000   Number         0  spi.o ABSOLUTE
    ..\Src\stm32f0xx_hal_msp.c               0x00000000   Number         0  stm32f0xx_hal_msp.o ABSOLUTE
    ..\Src\stm32f0xx_hal_timebase_tim.c      0x00000000   Number         0  stm32f0xx_hal_timebase_tim.o ABSOLUTE
    ..\Src\stm32f0xx_it.c                    0x00000000   Number         0  stm32f0xx_it.o ABSOLUTE
    ..\Src\system_stm32f0xx.c                0x00000000   Number         0  system_stm32f0xx.o ABSOLUTE
    ..\Src\tim.c                             0x00000000   Number         0  tim.o ABSOLUTE
    ..\Src\usart.c                           0x00000000   Number         0  usart.o ABSOLUTE
    ..\Src\usb_device.c                      0x00000000   Number         0  usb_device.o ABSOLUTE
    ..\Src\usbd_conf.c                       0x00000000   Number         0  usbd_conf.o ABSOLUTE
    ..\Src\usbd_desc.c                       0x00000000   Number         0  usbd_desc.o ABSOLUTE
    ..\Src\user_diskio.c                     0x00000000   Number         0  user_diskio.o ABSOLUTE
    ..\\Drivers\\STM32F0xx_HAL_Driver\\Src\\KeyPad.c 0x00000000   Number         0  keypad.o ABSOLUTE
    ..\\Drivers\\STM32F0xx_HAL_Driver\\Src\\ssd1306.c 0x00000000   Number         0  ssd1306.o ABSOLUTE
    cdrcmple.s                               0x00000000   Number         0  cdrcmple.o ABSOLUTE
    dc.s                                     0x00000000   Number         0  dc.o ABSOLUTE
    handlers.s                               0x00000000   Number         0  handlers.o ABSOLUTE
    init.s                                   0x00000000   Number         0  init.o ABSOLUTE
    startup_stm32f072xb.s                    0x00000000   Number         0  startup_stm32f072xb.o ABSOLUTE
    RESET                                    0x08000000   Section      192  startup_stm32f072xb.o(RESET)
    .ARM.Collect$$$$00000000                 0x080000c0   Section        0  entry.o(.ARM.Collect$$$$00000000)
    .ARM.Collect$$$$00000001                 0x080000c0   Section        4  entry2.o(.ARM.Collect$$$$00000001)
    .ARM.Collect$$$$00000004                 0x080000c4   Section        4  entry5.o(.ARM.Collect$$$$00000004)
    .ARM.Collect$$$$00000008                 0x080000c8   Section        0  entry7b.o(.ARM.Collect$$$$00000008)
    .ARM.Collect$$$$0000000A                 0x080000c8   Section        0  entry8b.o(.ARM.Collect$$$$0000000A)
    .ARM.Collect$$$$0000000B                 0x080000c8   Section        8  entry9a.o(.ARM.Collect$$$$0000000B)
    .ARM.Collect$$$$0000000D                 0x080000d0   Section        0  entry10a.o(.ARM.Collect$$$$0000000D)
    .ARM.Collect$$$$0000000F                 0x080000d0   Section        0  entry11a.o(.ARM.Collect$$$$0000000F)
    .ARM.Collect$$$$00002712                 0x080000d0   Section        4  entry2.o(.ARM.Collect$$$$00002712)
    __lit__00000000                          0x080000d0   Data           4  entry2.o(.ARM.Collect$$$$00002712)
    .emb_text                                0x080000d4   Section      120  port.o(.emb_text)
    .text                                    0x0800014c   Section       28  startup_stm32f072xb.o(.text)
    .text                                    0x08000168   Section        0  uidiv.o(.text)
    .text                                    0x08000194   Section        0  uldiv.o(.text)
    .text                                    0x080001f4   Section        0  llushr.o(.text)
    .text                                    0x08000216   Section        0  memseta.o(.text)
    .text                                    0x0800023a   Section        0  llshl.o(.text)
    .text                                    0x0800025c   Section       36  init.o(.text)
    i.EXTI0_1_IRQHandler                     0x08000280   Section        0  stm32f0xx_it.o(i.EXTI0_1_IRQHandler)
    i.Error_Handler                          0x0800028a   Section        0  main.o(i.Error_Handler)
    i.FATFS_LinkDriver                       0x0800028c   Section        0  ff_gen_drv.o(i.FATFS_LinkDriver)
    i.FATFS_LinkDriverEx                     0x08000298   Section        0  ff_gen_drv.o(i.FATFS_LinkDriverEx)
    i.HAL_ADC_ConfigChannel                  0x080002d8   Section        0  stm32f0xx_hal_adc.o(i.HAL_ADC_ConfigChannel)
    i.HAL_ADC_Init                           0x08000404   Section        0  stm32f0xx_hal_adc.o(i.HAL_ADC_Init)
    i.HAL_ADC_MspInit                        0x0800057c   Section        0  adc.o(i.HAL_ADC_MspInit)
    i.HAL_Delay                              0x080005a0   Section        0  stm32f0xx_hal.o(i.HAL_Delay)
    i.HAL_GPIO_EXTI_Callback                 0x080005c4   Section        0  stm32f0xx_hal_gpio.o(i.HAL_GPIO_EXTI_Callback)
    i.HAL_GPIO_EXTI_IRQHandler               0x080005c8   Section        0  stm32f0xx_hal_gpio.o(i.HAL_GPIO_EXTI_IRQHandler)
    i.HAL_GPIO_Init                          0x080005e0   Section        0  stm32f0xx_hal_gpio.o(i.HAL_GPIO_Init)
    i.HAL_GPIO_WritePin                      0x08000734   Section        0  stm32f0xx_hal_gpio.o(i.HAL_GPIO_WritePin)
    i.HAL_GetTick                            0x08000740   Section        0  stm32f0xx_hal.o(i.HAL_GetTick)
    i.HAL_HalfDuplex_Init                    0x0800074c   Section        0  stm32f0xx_hal_uart.o(i.HAL_HalfDuplex_Init)
    i.HAL_I2CEx_ConfigAnalogFilter           0x080007c0   Section        0  stm32f0xx_hal_i2c_ex.o(i.HAL_I2CEx_ConfigAnalogFilter)
    i.HAL_I2CEx_ConfigDigitalFilter          0x0800080a   Section        0  stm32f0xx_hal_i2c_ex.o(i.HAL_I2CEx_ConfigDigitalFilter)
    i.HAL_I2C_Init                           0x08000854   Section        0  stm32f0xx_hal_i2c.o(i.HAL_I2C_Init)
    i.HAL_I2C_Mem_Write                      0x08000908   Section        0  stm32f0xx_hal_i2c.o(i.HAL_I2C_Mem_Write)
    i.HAL_I2C_MspInit                        0x08000a54   Section        0  i2c.o(i.HAL_I2C_MspInit)
    i.HAL_IWDG_Init                          0x08000ab8   Section        0  stm32f0xx_hal_iwdg.o(i.HAL_IWDG_Init)
    i.HAL_IncTick                            0x08000b1c   Section        0  stm32f0xx_hal.o(i.HAL_IncTick)
    i.HAL_Init                               0x08000b2c   Section        0  stm32f0xx_hal.o(i.HAL_Init)
    i.HAL_InitTick                           0x08000b4c   Section        0  stm32f0xx_hal_timebase_tim.o(i.HAL_InitTick)
    i.HAL_MspInit                            0x08000bc4   Section        0  stm32f0xx_hal_msp.o(i.HAL_MspInit)
    i.HAL_NVIC_EnableIRQ                     0x08000bf4   Section        0  stm32f0xx_hal_cortex.o(i.HAL_NVIC_EnableIRQ)
    i.HAL_NVIC_SetPriority                   0x08000c0c   Section        0  stm32f0xx_hal_cortex.o(i.HAL_NVIC_SetPriority)
    i.HAL_PCDEx_LPM_Callback                 0x08000c14   Section        0  stm32f0xx_hal_pcd_ex.o(i.HAL_PCDEx_LPM_Callback)
    i.HAL_PCD_DataInStageCallback            0x08000c16   Section        0  usbd_conf.o(i.HAL_PCD_DataInStageCallback)
    i.HAL_PCD_DataOutStageCallback           0x08000c2c   Section        0  usbd_conf.o(i.HAL_PCD_DataOutStageCallback)
    i.HAL_PCD_EP_ClrStall                    0x08000c46   Section        0  stm32f0xx_hal_pcd.o(i.HAL_PCD_EP_ClrStall)
    i.HAL_PCD_EP_Open                        0x08000c96   Section        0  stm32f0xx_hal_pcd.o(i.HAL_PCD_EP_Open)
    i.HAL_PCD_EP_Receive                     0x08000ce8   Section        0  stm32f0xx_hal_pcd.o(i.HAL_PCD_EP_Receive)
    i.HAL_PCD_EP_SetStall                    0x08000d10   Section        0  stm32f0xx_hal_pcd.o(i.HAL_PCD_EP_SetStall)
    i.HAL_PCD_EP_Transmit                    0x08000d76   Section        0  stm32f0xx_hal_pcd.o(i.HAL_PCD_EP_Transmit)
    i.HAL_PCD_IRQHandler                     0x08000d9e   Section        0  stm32f0xx_hal_pcd.o(i.HAL_PCD_IRQHandler)
    i.HAL_PCD_ResetCallback                  0x08000f24   Section        0  usbd_conf.o(i.HAL_PCD_ResetCallback)
    i.HAL_PCD_ResumeCallback                 0x08000f4c   Section        0  usbd_conf.o(i.HAL_PCD_ResumeCallback)
    i.HAL_PCD_SOFCallback                    0x08000f78   Section        0  usbd_conf.o(i.HAL_PCD_SOFCallback)
    i.HAL_PCD_SetAddress                     0x08000f88   Section        0  stm32f0xx_hal_pcd.o(i.HAL_PCD_SetAddress)
    i.HAL_PCD_SetupStageCallback             0x08000fae   Section        0  usbd_conf.o(i.HAL_PCD_SetupStageCallback)
    i.HAL_PCD_SuspendCallback                0x08000fc4   Section        0  usbd_conf.o(i.HAL_PCD_SuspendCallback)
    i.HAL_RCCEx_PeriphCLKConfig              0x08000fec   Section        0  stm32f0xx_hal_rcc_ex.o(i.HAL_RCCEx_PeriphCLKConfig)
    i.HAL_RCC_ClockConfig                    0x0800110c   Section        0  stm32f0xx_hal_rcc.o(i.HAL_RCC_ClockConfig)
    i.HAL_RCC_GetClockConfig                 0x08001220   Section        0  stm32f0xx_hal_rcc.o(i.HAL_RCC_GetClockConfig)
    i.HAL_RCC_GetPCLK1Freq                   0x08001258   Section        0  stm32f0xx_hal_rcc.o(i.HAL_RCC_GetPCLK1Freq)
    i.HAL_RCC_GetSysClockFreq                0x08001278   Section        0  stm32f0xx_hal_rcc.o(i.HAL_RCC_GetSysClockFreq)
    i.HAL_RCC_OscConfig                      0x0800130c   Section        0  stm32f0xx_hal_rcc.o(i.HAL_RCC_OscConfig)
    i.HAL_SPI_Init                           0x08001710   Section        0  stm32f0xx_hal_spi.o(i.HAL_SPI_Init)
    i.HAL_SPI_MspInit                        0x080017c8   Section        0  spi.o(i.HAL_SPI_MspInit)
    i.HAL_TIMEx_BreakCallback                0x08001824   Section        0  stm32f0xx_hal_tim_ex.o(i.HAL_TIMEx_BreakCallback)
    i.HAL_TIMEx_CommutCallback               0x08001826   Section        0  stm32f0xx_hal_tim_ex.o(i.HAL_TIMEx_CommutCallback)
    i.HAL_TIMEx_MasterConfigSynchronization  0x08001828   Section        0  stm32f0xx_hal_tim_ex.o(i.HAL_TIMEx_MasterConfigSynchronization)
    i.HAL_TIM_Base_Init                      0x08001888   Section        0  stm32f0xx_hal_tim.o(i.HAL_TIM_Base_Init)
    i.HAL_TIM_Base_MspInit                   0x080018bc   Section        0  stm32f0xx_hal_tim.o(i.HAL_TIM_Base_MspInit)
    i.HAL_TIM_Base_Start_IT                  0x080018be   Section        0  stm32f0xx_hal_tim.o(i.HAL_TIM_Base_Start_IT)
    i.HAL_TIM_Encoder_Init                   0x080018e0   Section        0  stm32f0xx_hal_tim.o(i.HAL_TIM_Encoder_Init)
    i.HAL_TIM_Encoder_MspInit                0x0800197c   Section        0  tim.o(i.HAL_TIM_Encoder_MspInit)
    i.HAL_TIM_IC_CaptureCallback             0x080019d4   Section        0  stm32f0xx_hal_tim.o(i.HAL_TIM_IC_CaptureCallback)
    i.HAL_TIM_IRQHandler                     0x080019d6   Section        0  stm32f0xx_hal_tim.o(i.HAL_TIM_IRQHandler)
    i.HAL_TIM_OC_DelayElapsedCallback        0x08001b38   Section        0  stm32f0xx_hal_tim.o(i.HAL_TIM_OC_DelayElapsedCallback)
    i.HAL_TIM_PWM_PulseFinishedCallback      0x08001b3a   Section        0  stm32f0xx_hal_tim.o(i.HAL_TIM_PWM_PulseFinishedCallback)
    i.HAL_TIM_PeriodElapsedCallback          0x08001b3c   Section        0  main.o(i.HAL_TIM_PeriodElapsedCallback)
    i.HAL_TIM_TriggerCallback                0x08001b50   Section        0  stm32f0xx_hal_tim.o(i.HAL_TIM_TriggerCallback)
    i.HAL_UART_MspInit                       0x08001b54   Section        0  usart.o(i.HAL_UART_MspInit)
    i.HardFault_Handler                      0x08001bb4   Section        0  stm32f0xx_it.o(i.HardFault_Handler)
    i.I2C_Flush_TXDR                         0x08001bb6   Section        0  stm32f0xx_hal_i2c.o(i.I2C_Flush_TXDR)
    I2C_Flush_TXDR                           0x08001bb7   Thumb Code    34  stm32f0xx_hal_i2c.o(i.I2C_Flush_TXDR)
    i.I2C_IsAcknowledgeFailed                0x08001bd8   Section        0  stm32f0xx_hal_i2c.o(i.I2C_IsAcknowledgeFailed)
    I2C_IsAcknowledgeFailed                  0x08001bd9   Thumb Code   114  stm32f0xx_hal_i2c.o(i.I2C_IsAcknowledgeFailed)
    i.I2C_RequestMemoryWrite                 0x08001c50   Section        0  stm32f0xx_hal_i2c.o(i.I2C_RequestMemoryWrite)
    I2C_RequestMemoryWrite                   0x08001c51   Thumb Code    92  stm32f0xx_hal_i2c.o(i.I2C_RequestMemoryWrite)
    i.I2C_TransferConfig                     0x08001cb0   Section        0  stm32f0xx_hal_i2c.o(i.I2C_TransferConfig)
    I2C_TransferConfig                       0x08001cb1   Thumb Code    34  stm32f0xx_hal_i2c.o(i.I2C_TransferConfig)
    i.I2C_WaitOnFlagUntilTimeout             0x08001cd8   Section        0  stm32f0xx_hal_i2c.o(i.I2C_WaitOnFlagUntilTimeout)
    I2C_WaitOnFlagUntilTimeout               0x08001cd9   Thumb Code    78  stm32f0xx_hal_i2c.o(i.I2C_WaitOnFlagUntilTimeout)
    i.I2C_WaitOnSTOPFlagUntilTimeout         0x08001d26   Section        0  stm32f0xx_hal_i2c.o(i.I2C_WaitOnSTOPFlagUntilTimeout)
    I2C_WaitOnSTOPFlagUntilTimeout           0x08001d27   Thumb Code    76  stm32f0xx_hal_i2c.o(i.I2C_WaitOnSTOPFlagUntilTimeout)
    i.I2C_WaitOnTXISFlagUntilTimeout         0x08001d72   Section        0  stm32f0xx_hal_i2c.o(i.I2C_WaitOnTXISFlagUntilTimeout)
    I2C_WaitOnTXISFlagUntilTimeout           0x08001d73   Thumb Code    80  stm32f0xx_hal_i2c.o(i.I2C_WaitOnTXISFlagUntilTimeout)
    i.KeyPad_Init                            0x08001dc4   Section        0  keypad.o(i.KeyPad_Init)
    i.MX_ADC_Init                            0x08001e4c   Section        0  adc.o(i.MX_ADC_Init)
    i.MX_FATFS_Init                          0x08001eb4   Section        0  fatfs.o(i.MX_FATFS_Init)
    i.MX_GPIO_Init                           0x08001ed0   Section        0  gpio.o(i.MX_GPIO_Init)
    i.MX_I2C1_Init                           0x08002000   Section        0  i2c.o(i.MX_I2C1_Init)
    i.MX_IWDG_Init                           0x08002058   Section        0  iwdg.o(i.MX_IWDG_Init)
    i.MX_SPI1_Init                           0x08002084   Section        0  spi.o(i.MX_SPI1_Init)
    i.MX_TIM2_Init                           0x080020d0   Section        0  tim.o(i.MX_TIM2_Init)
    i.MX_USART1_UART_Init                    0x08002134   Section        0  usart.o(i.MX_USART1_UART_Init)
    i.NMI_Handler                            0x0800216c   Section        0  stm32f0xx_it.o(i.NMI_Handler)
    i.PCD_EP_ISR_Handler                     0x08002170   Section        0  stm32f0xx_hal_pcd.o(i.PCD_EP_ISR_Handler)
    PCD_EP_ISR_Handler                       0x08002171   Thumb Code   658  stm32f0xx_hal_pcd.o(i.PCD_EP_ISR_Handler)
    i.SVC_Handler                            0x0800241c   Section        0  port.o(i.SVC_Handler)
    i.SysTick_Handler                        0x08002420   Section        0  port.o(i.SysTick_Handler)
    i.SystemClock_Config                     0x08002444   Section        0  main.o(i.SystemClock_Config)
    i.SystemInit                             0x080024b8   Section        0  system_stm32f0xx.o(i.SystemInit)
    i.TIM6_DAC_IRQHandler                    0x08002514   Section        0  stm32f0xx_it.o(i.TIM6_DAC_IRQHandler)
    i.TIM_Base_SetConfig                     0x08002524   Section        0  stm32f0xx_hal_tim.o(i.TIM_Base_SetConfig)
    i.UART_AdvFeatureConfig                  0x080025b8   Section        0  stm32f0xx_hal_uart.o(i.UART_AdvFeatureConfig)
    i.UART_CheckIdleState                    0x08002684   Section        0  stm32f0xx_hal_uart.o(i.UART_CheckIdleState)
    i.UART_SetConfig                         0x080026e4   Section        0  stm32f0xx_hal_uart.o(i.UART_SetConfig)
    i.UART_WaitOnFlagUntilTimeout            0x08002864   Section        0  stm32f0xx_hal_uart.o(i.UART_WaitOnFlagUntilTimeout)
    i.USBD_ClrClassConfig                    0x080028fe   Section        0  usbd_core.o(i.USBD_ClrClassConfig)
    i.USBD_CtlContinueRx                     0x08002910   Section        0  usbd_ioreq.o(i.USBD_CtlContinueRx)
    i.USBD_CtlContinueSendData               0x08002920   Section        0  usbd_ioreq.o(i.USBD_CtlContinueSendData)
    i.USBD_CtlError                          0x08002930   Section        0  usbd_ctlreq.o(i.USBD_CtlError)
    i.USBD_CtlReceiveStatus                  0x08002944   Section        0  usbd_ioreq.o(i.USBD_CtlReceiveStatus)
    i.USBD_CtlSendData                       0x0800295c   Section        0  usbd_ioreq.o(i.USBD_CtlSendData)
    i.USBD_CtlSendStatus                     0x0800297a   Section        0  usbd_ioreq.o(i.USBD_CtlSendStatus)
    i.USBD_GetDescriptor                     0x08002994   Section        0  usbd_ctlreq.o(i.USBD_GetDescriptor)
    USBD_GetDescriptor                       0x08002995   Thumb Code   232  usbd_ctlreq.o(i.USBD_GetDescriptor)
    i.USBD_Get_USB_Status                    0x08002a7c   Section        0  usbd_conf.o(i.USBD_Get_USB_Status)
    USBD_Get_USB_Status                      0x08002a7d   Thumb Code    24  usbd_conf.o(i.USBD_Get_USB_Status)
    i.USBD_LL_ClearStallEP                   0x08002a94   Section        0  usbd_conf.o(i.USBD_LL_ClearStallEP)
    i.USBD_LL_DataInStage                    0x08002aa8   Section        0  usbd_core.o(i.USBD_LL_DataInStage)
    i.USBD_LL_DataOutStage                   0x08002b6e   Section        0  usbd_core.o(i.USBD_LL_DataOutStage)
    i.USBD_LL_IsStallEP                      0x08002bf0   Section        0  usbd_conf.o(i.USBD_LL_IsStallEP)
    i.USBD_LL_OpenEP                         0x08002c10   Section        0  usbd_conf.o(i.USBD_LL_OpenEP)
    i.USBD_LL_PrepareReceive                 0x08002c2a   Section        0  usbd_conf.o(i.USBD_LL_PrepareReceive)
    i.USBD_LL_Reset                          0x08002c3e   Section        0  usbd_core.o(i.USBD_LL_Reset)
    i.USBD_LL_Resume                         0x08002c8c   Section        0  usbd_core.o(i.USBD_LL_Resume)
    i.USBD_LL_SOF                            0x08002ca0   Section        0  usbd_core.o(i.USBD_LL_SOF)
    i.USBD_LL_SetSpeed                       0x08002cbc   Section        0  usbd_core.o(i.USBD_LL_SetSpeed)
    i.USBD_LL_SetUSBAddress                  0x08002cc2   Section        0  usbd_conf.o(i.USBD_LL_SetUSBAddress)
    i.USBD_LL_SetupStage                     0x08002cd6   Section        0  usbd_core.o(i.USBD_LL_SetupStage)
    i.USBD_LL_StallEP                        0x08002d36   Section        0  usbd_conf.o(i.USBD_LL_StallEP)
    i.USBD_LL_Suspend                        0x08002d4a   Section        0  usbd_core.o(i.USBD_LL_Suspend)
    i.USBD_LL_Transmit                       0x08002d5c   Section        0  usbd_conf.o(i.USBD_LL_Transmit)
    i.USBD_ParseSetupRequest                 0x08002d70   Section        0  usbd_ctlreq.o(i.USBD_ParseSetupRequest)
    i.USBD_SetClassConfig                    0x08002d98   Section        0  usbd_core.o(i.USBD_SetClassConfig)
    i.USBD_SetConfig                         0x08002db8   Section        0  usbd_ctlreq.o(i.USBD_SetConfig)
    USBD_SetConfig                           0x08002db9   Thumb Code   126  usbd_ctlreq.o(i.USBD_SetConfig)
    i.USBD_StdDevReq                         0x08002e3c   Section        0  usbd_ctlreq.o(i.USBD_StdDevReq)
    i.USBD_StdEPReq                          0x08002f46   Section        0  usbd_ctlreq.o(i.USBD_StdEPReq)
    i.USBD_StdItfReq                         0x080030b0   Section        0  usbd_ctlreq.o(i.USBD_StdItfReq)
    i.USB_ActivateEndpoint                   0x08003104   Section        0  stm32f0xx_ll_usb.o(i.USB_ActivateEndpoint)
    i.USB_EP0_OutStart                       0x08003358   Section        0  stm32f0xx_ll_usb.o(i.USB_EP0_OutStart)
    i.USB_EPClearStall                       0x0800335c   Section        0  stm32f0xx_ll_usb.o(i.USB_EPClearStall)
    i.USB_EPSetStall                         0x080033d8   Section        0  stm32f0xx_ll_usb.o(i.USB_EPSetStall)
    i.USB_EPStartXfer                        0x08003410   Section        0  stm32f0xx_ll_usb.o(i.USB_EPStartXfer)
    i.USB_IRQHandler                         0x080035b4   Section        0  stm32f0xx_it.o(i.USB_IRQHandler)
    i.USB_ReadInterrupts                     0x080035c4   Section        0  stm32f0xx_ll_usb.o(i.USB_ReadInterrupts)
    i.USB_ReadPMA                            0x080035ca   Section        0  stm32f0xx_ll_usb.o(i.USB_ReadPMA)
    i.USB_SetDevAddress                      0x080035f4   Section        0  stm32f0xx_ll_usb.o(i.USB_SetDevAddress)
    i.USB_WritePMA                           0x08003602   Section        0  stm32f0xx_ll_usb.o(i.USB_WritePMA)
    i.USER_initialize                        0x08003628   Section        0  user_diskio.o(i.USER_initialize)
    i.USER_ioctl                             0x08003638   Section        0  user_diskio.o(i.USER_ioctl)
    i.USER_read                              0x0800363c   Section        0  user_diskio.o(i.USER_read)
    i.USER_status                            0x08003640   Section        0  user_diskio.o(i.USER_status)
    i.USER_write                             0x08003650   Section        0  user_diskio.o(i.USER_write)
    i.__0sprintf$1                           0x08003654   Section        0  printf1.o(i.__0sprintf$1)
    i.__ARM_common_ll_muluu                  0x0800367c   Section        0  stm32f0xx_hal_rcc.o(i.__ARM_common_ll_muluu)
    i.__ARM_common_switch8                   0x080036ac   Section        0  stm32f0xx_hal_dma.o(i.__ARM_common_switch8)
    i.__NVIC_SetPriority                     0x080036c8   Section        0  stm32f0xx_hal_cortex.o(i.__NVIC_SetPriority)
    __NVIC_SetPriority                       0x080036c9   Thumb Code    60  stm32f0xx_hal_cortex.o(i.__NVIC_SetPriority)
    i.__scatterload_copy                     0x0800370c   Section       14  handlers.o(i.__scatterload_copy)
    i.__scatterload_null                     0x0800371a   Section        2  handlers.o(i.__scatterload_null)
    i.__scatterload_zeroinit                 0x0800371c   Section       14  handlers.o(i.__scatterload_zeroinit)
    i._printf_core                           0x0800372c   Section        0  printf1.o(i._printf_core)
    _printf_core                             0x0800372d   Thumb Code   332  printf1.o(i._printf_core)
    i._sputc                                 0x0800387c   Section        0  printf1.o(i._sputc)
    _sputc                                   0x0800387d   Thumb Code    10  printf1.o(i._sputc)
    i.main                                   0x08003888   Section        0  main.o(i.main)
    i.prvResetNextTaskUnblockTime            0x08003968   Section        0  tasks.o(i.prvResetNextTaskUnblockTime)
    prvResetNextTaskUnblockTime              0x08003969   Thumb Code    28  tasks.o(i.prvResetNextTaskUnblockTime)
    i.ssd1306_DrawPixel                      0x08003988   Section        0  ssd1306.o(i.ssd1306_DrawPixel)
    i.ssd1306_Fill                           0x080039cc   Section        0  ssd1306.o(i.ssd1306_Fill)
    i.ssd1306_Init                           0x080039f0   Section        0  ssd1306.o(i.ssd1306_Init)
    i.ssd1306_SetCursor                      0x08003abc   Section        0  ssd1306.o(i.ssd1306_SetCursor)
    i.ssd1306_UpdateScreen                   0x08003ac8   Section        0  ssd1306.o(i.ssd1306_UpdateScreen)
    i.ssd1306_WriteChar                      0x08003afc   Section        0  ssd1306.o(i.ssd1306_WriteChar)
    i.ssd1306_WriteCommand                   0x08003b94   Section        0  ssd1306.o(i.ssd1306_WriteCommand)
    i.ssd1306_WriteData                      0x08003bbc   Section        0  ssd1306.o(i.ssd1306_WriteData)
    i.ssd1306_WriteString                    0x08003bdc   Section        0  ssd1306.o(i.ssd1306_WriteString)
    i.uxListRemove                           0x08003c08   Section        0  list.o(i.uxListRemove)
    i.vListInsertEnd                         0x08003c2e   Section        0  list.o(i.vListInsertEnd)
    i.vTaskSwitchContext                     0x08003c48   Section        0  tasks.o(i.vTaskSwitchContext)
    i.xTaskIncrementTick                     0x08003ca0   Section        0  tasks.o(i.xTaskIncrementTick)
    .constdata                               0x08003d5c   Section     1900  ssd1306_fonts.o(.constdata)
    Font7x10                                 0x08003d5c   Data        1900  ssd1306_fonts.o(.constdata)
    .constdata                               0x080044c8   Section     1520  ssd1306_fonts.o(.constdata)
    Font6x8                                  0x080044c8   Data        1520  ssd1306_fonts.o(.constdata)
    .constdata                               0x08004ab8   Section       20  keypad.o(.constdata)
    .constdata                               0x08004acc   Section       16  system_stm32f0xx.o(.constdata)
    .constdata                               0x08004adc   Section        8  system_stm32f0xx.o(.constdata)
    .data                                    0x20000000   Section        6  ssd1306.o(.data)
    SSD1306                                  0x20000000   Data           6  ssd1306.o(.data)
    .data                                    0x20000008   Section        8  ssd1306_fonts.o(.data)
    .data                                    0x20000010   Section        8  ssd1306_fonts.o(.data)
    .data                                    0x20000018   Section        1  user_diskio.o(.data)
    Stat                                     0x20000018   Data           1  user_diskio.o(.data)
    .data                                    0x2000001c   Section       20  user_diskio.o(.data)
    .data                                    0x20000030   Section        5  fatfs.o(.data)
    .data                                    0x20000038   Section       44  keypad.o(.data)
    .data                                    0x20000064   Section       12  stm32f0xx_hal.o(.data)
    .data                                    0x20000070   Section        4  system_stm32f0xx.o(.data)
    .data                                    0x20000074   Section       60  tasks.o(.data)
    pxDelayedTaskList                        0x20000078   Data           4  tasks.o(.data)
    pxOverflowDelayedTaskList                0x2000007c   Data           4  tasks.o(.data)
    uxDeletedTasksWaitingCleanUp             0x20000080   Data           4  tasks.o(.data)
    uxCurrentNumberOfTasks                   0x20000084   Data           4  tasks.o(.data)
    xTickCount                               0x20000088   Data           4  tasks.o(.data)
    uxTopReadyPriority                       0x2000008c   Data           4  tasks.o(.data)
    xSchedulerRunning                        0x20000090   Data           4  tasks.o(.data)
    uxPendedTicks                            0x20000094   Data           4  tasks.o(.data)
    xYieldPending                            0x20000098   Data           4  tasks.o(.data)
    xNumOfOverflows                          0x2000009c   Data           4  tasks.o(.data)
    uxTaskNumber                             0x200000a0   Data           4  tasks.o(.data)
    xNextTaskUnblockTime                     0x200000a4   Data           4  tasks.o(.data)
    xIdleTaskHandle                          0x200000a8   Data           4  tasks.o(.data)
    uxSchedulerSuspended                     0x200000ac   Data           4  tasks.o(.data)
    .data                                    0x200000b0   Section        1  usbd_ctlreq.o(.data)
    cfgidx                                   0x200000b0   Data           1  usbd_ctlreq.o(.data)
    .bss                                     0x200000b4   Section     1024  ssd1306.o(.bss)
    SSD1306_Buffer                           0x200000b4   Data        1024  ssd1306.o(.bss)
    .bss                                     0x200004b4   Section       64  adc.o(.bss)
    .bss                                     0x200004f4   Section       76  i2c.o(.bss)
    .bss                                     0x20000540   Section       16  iwdg.o(.bss)
    .bss                                     0x20000550   Section      100  spi.o(.bss)
    .bss                                     0x200005b4   Section       64  tim.o(.bss)
    .bss                                     0x200005f4   Section      128  usart.o(.bss)
    .bss                                     0x20000674   Section      648  usbd_conf.o(.bss)
    mem                                      0x20000674   Data          20  usbd_conf.o(.bss)
    .bss                                     0x200008fc   Section       64  stm32f0xx_hal_timebase_tim.o(.bss)
    .bss                                     0x2000093c   Section       12  ff_gen_drv.o(.bss)
    .bss                                     0x20000948   Section      240  tasks.o(.bss)
    pxReadyTasksLists                        0x20000948   Data         140  tasks.o(.bss)
    xDelayedTaskList1                        0x200009d4   Data          20  tasks.o(.bss)
    xDelayedTaskList2                        0x200009e8   Data          20  tasks.o(.bss)
    xPendingReadyList                        0x200009fc   Data          20  tasks.o(.bss)
    xTasksWaitingTermination                 0x20000a10   Data          20  tasks.o(.bss)
    xSuspendedTaskList                       0x20000a24   Data          20  tasks.o(.bss)
    STACK                                    0x20000a38   Section     1536  startup_stm32f072xb.o(STACK)

    Global Symbols

    Symbol Name                              Value     Ov Type        Size  Object(Section)

    BuildAttributes$$THM_ISAv3M$S$PE$A:L22$X:L11$S22$IEEE1$IW$USESV6$~STKCKD$USESV7$~SHL$OSPACE$ROPI$EBA8$MICROLIB$REQ8$PRES8$EABIv2 0x00000000   Number         0  anon$$obj.o ABSOLUTE
    __ARM_use_no_argv                        0x00000000   Number         0  main.o ABSOLUTE
    _printf_a                                0x00000000   Number         0  stubs.o ABSOLUTE
    _printf_c                                0x00000000   Number         0  stubs.o ABSOLUTE
    _printf_charcount                        0x00000000   Number         0  stubs.o ABSOLUTE
    _printf_d                                0x00000000   Number         0  stubs.o ABSOLUTE
    _printf_e                                0x00000000   Number         0  stubs.o ABSOLUTE
    _printf_f                                0x00000000   Number         0  stubs.o ABSOLUTE
    _printf_flags                            0x00000000   Number         0  stubs.o ABSOLUTE
    _printf_fp_dec                           0x00000000   Number         0  stubs.o ABSOLUTE
    _printf_fp_hex                           0x00000000   Number         0  stubs.o ABSOLUTE
    _printf_g                                0x00000000   Number         0  stubs.o ABSOLUTE
    _printf_i                                0x00000000   Number         0  stubs.o ABSOLUTE
    _printf_int_dec                          0x00000000   Number         0  stubs.o ABSOLUTE
    _printf_l                                0x00000000   Number         0  stubs.o ABSOLUTE
    _printf_lc                               0x00000000   Number         0  stubs.o ABSOLUTE
    _printf_ll                               0x00000000   Number         0  stubs.o ABSOLUTE
    _printf_lld                              0x00000000   Number         0  stubs.o ABSOLUTE
    _printf_lli                              0x00000000   Number         0  stubs.o ABSOLUTE
    _printf_llo                              0x00000000   Number         0  stubs.o ABSOLUTE
    _printf_llu                              0x00000000   Number         0  stubs.o ABSOLUTE
    _printf_llx                              0x00000000   Number         0  stubs.o ABSOLUTE
    _printf_longlong_dec                     0x00000000   Number         0  stubs.o ABSOLUTE
    _printf_longlong_hex                     0x00000000   Number         0  stubs.o ABSOLUTE
    _printf_longlong_oct                     0x00000000   Number         0  stubs.o ABSOLUTE
    _printf_ls                               0x00000000   Number         0  stubs.o ABSOLUTE
    _printf_mbtowc                           0x00000000   Number         0  stubs.o ABSOLUTE
    _printf_n                                0x00000000   Number         0  stubs.o ABSOLUTE
    _printf_o                                0x00000000   Number         0  stubs.o ABSOLUTE
    _printf_p                                0x00000000   Number         0  stubs.o ABSOLUTE
    _printf_percent                          0x00000000   Number         0  stubs.o ABSOLUTE
    _printf_pre_padding                      0x00000000   Number         0  stubs.o ABSOLUTE
    _printf_return_value                     0x00000000   Number         0  stubs.o ABSOLUTE
    _printf_s                                0x00000000   Number         0  stubs.o ABSOLUTE
    _printf_sizespec                         0x00000000   Number         0  stubs.o ABSOLUTE
    _printf_str                              0x00000000   Number         0  stubs.o ABSOLUTE
    _printf_truncate_signed                  0x00000000   Number         0  stubs.o ABSOLUTE
    _printf_truncate_unsigned                0x00000000   Number         0  stubs.o ABSOLUTE
    _printf_u                                0x00000000   Number         0  stubs.o ABSOLUTE
    _printf_wc                               0x00000000   Number         0  stubs.o ABSOLUTE
    _printf_wctomb                           0x00000000   Number         0  stubs.o ABSOLUTE
    _printf_widthprec                        0x00000000   Number         0  stubs.o ABSOLUTE
    _printf_x                                0x00000000   Number         0  stubs.o ABSOLUTE
    __cpp_initialize__aeabi_                  - Undefined Weak Reference
    __cxa_finalize                            - Undefined Weak Reference
    __decompress                              - Undefined Weak Reference
    _clock_init                               - Undefined Weak Reference
    _microlib_exit                            - Undefined Weak Reference
    __Vectors_Size                           0x000000c0   Number         0  startup_stm32f072xb.o ABSOLUTE
    __Vectors                                0x08000000   Data           4  startup_stm32f072xb.o(RESET)
    __Vectors_End                            0x080000c0   Data           0  startup_stm32f072xb.o(RESET)
    __main                                   0x080000c1   Thumb Code     0  entry.o(.ARM.Collect$$$$00000000)
    _main_stk                                0x080000c1   Thumb Code     0  entry2.o(.ARM.Collect$$$$00000001)
    _main_scatterload                        0x080000c5   Thumb Code     0  entry5.o(.ARM.Collect$$$$00000004)
    __main_after_scatterload                 0x080000c9   Thumb Code     0  entry5.o(.ARM.Collect$$$$00000004)
    _main_clock                              0x080000c9   Thumb Code     0  entry7b.o(.ARM.Collect$$$$00000008)
    _main_cpp_init                           0x080000c9   Thumb Code     0  entry8b.o(.ARM.Collect$$$$0000000A)
    _main_init                               0x080000c9   Thumb Code     0  entry9a.o(.ARM.Collect$$$$0000000B)
    __rt_final_cpp                           0x080000d1   Thumb Code     0  entry10a.o(.ARM.Collect$$$$0000000D)
    __rt_final_exit                          0x080000d1   Thumb Code     0  entry11a.o(.ARM.Collect$$$$0000000F)
    __asm___6_port_c_39a90d8d__prvPortStartFirstTask 0x080000d5   Thumb Code    36  port.o(.emb_text)
    ulSetInterruptMaskFromISR                0x080000fd   Thumb Code     8  port.o(.emb_text)
    vClearInterruptMaskFromISR               0x08000105   Thumb Code     6  port.o(.emb_text)
    PendSV_Handler                           0x0800010b   Thumb Code    62  port.o(.emb_text)
    Reset_Handler                            0x0800014d   Thumb Code     8  startup_stm32f072xb.o(.text)
    ADC1_COMP_IRQHandler                     0x0800015f   Thumb Code     0  startup_stm32f072xb.o(.text)
    CEC_CAN_IRQHandler                       0x0800015f   Thumb Code     0  startup_stm32f072xb.o(.text)
    DMA1_Channel1_IRQHandler                 0x0800015f   Thumb Code     0  startup_stm32f072xb.o(.text)
    DMA1_Channel2_3_IRQHandler               0x0800015f   Thumb Code     0  startup_stm32f072xb.o(.text)
    DMA1_Channel4_5_6_7_IRQHandler           0x0800015f   Thumb Code     0  startup_stm32f072xb.o(.text)
    EXTI2_3_IRQHandler                       0x0800015f   Thumb Code     0  startup_stm32f072xb.o(.text)
    EXTI4_15_IRQHandler                      0x0800015f   Thumb Code     0  startup_stm32f072xb.o(.text)
    FLASH_IRQHandler                         0x0800015f   Thumb Code     0  startup_stm32f072xb.o(.text)
    I2C1_IRQHandler                          0x0800015f   Thumb Code     0  startup_stm32f072xb.o(.text)
    I2C2_IRQHandler                          0x0800015f   Thumb Code     0  startup_stm32f072xb.o(.text)
    PVD_VDDIO2_IRQHandler                    0x0800015f   Thumb Code     0  startup_stm32f072xb.o(.text)
    RCC_CRS_IRQHandler                       0x0800015f   Thumb Code     0  startup_stm32f072xb.o(.text)
    RTC_IRQHandler                           0x0800015f   Thumb Code     0  startup_stm32f072xb.o(.text)
    SPI1_IRQHandler                          0x0800015f   Thumb Code     0  startup_stm32f072xb.o(.text)
    SPI2_IRQHandler                          0x0800015f   Thumb Code     0  startup_stm32f072xb.o(.text)
    TIM14_IRQHandler                         0x0800015f   Thumb Code     0  startup_stm32f072xb.o(.text)
    TIM15_IRQHandler                         0x0800015f   Thumb Code     0  startup_stm32f072xb.o(.text)
    TIM16_IRQHandler                         0x0800015f   Thumb Code     0  startup_stm32f072xb.o(.text)
    TIM17_IRQHandler                         0x0800015f   Thumb Code     0  startup_stm32f072xb.o(.text)
    TIM1_BRK_UP_TRG_COM_IRQHandler           0x0800015f   Thumb Code     0  startup_stm32f072xb.o(.text)
    TIM1_CC_IRQHandler                       0x0800015f   Thumb Code     0  startup_stm32f072xb.o(.text)
    TIM2_IRQHandler                          0x0800015f   Thumb Code     0  startup_stm32f072xb.o(.text)
    TIM3_IRQHandler                          0x0800015f   Thumb Code     0  startup_stm32f072xb.o(.text)
    TIM7_IRQHandler                          0x0800015f   Thumb Code     0  startup_stm32f072xb.o(.text)
    TSC_IRQHandler                           0x0800015f   Thumb Code     0  startup_stm32f072xb.o(.text)
    USART1_IRQHandler                        0x0800015f   Thumb Code     0  startup_stm32f072xb.o(.text)
    USART2_IRQHandler                        0x0800015f   Thumb Code     0  startup_stm32f072xb.o(.text)
    USART3_4_IRQHandler                      0x0800015f   Thumb Code     0  startup_stm32f072xb.o(.text)
    WWDG_IRQHandler                          0x0800015f   Thumb Code     0  startup_stm32f072xb.o(.text)
    __aeabi_uidiv                            0x08000169   Thumb Code     0  uidiv.o(.text)
    __aeabi_uidivmod                         0x08000169   Thumb Code    44  uidiv.o(.text)
    __aeabi_uldivmod                         0x08000195   Thumb Code    96  uldiv.o(.text)
    __aeabi_llsr                             0x080001f5   Thumb Code    34  llushr.o(.text)
    _ll_ushift_r                             0x080001f5   Thumb Code     0  llushr.o(.text)
    __aeabi_memset                           0x08000217   Thumb Code    14  memseta.o(.text)
    __aeabi_memset4                          0x08000217   Thumb Code     0  memseta.o(.text)
    __aeabi_memset8                          0x08000217   Thumb Code     0  memseta.o(.text)
    __aeabi_memclr                           0x08000225   Thumb Code     4  memseta.o(.text)
    __aeabi_memclr4                          0x08000225   Thumb Code     0  memseta.o(.text)
    __aeabi_memclr8                          0x08000225   Thumb Code     0  memseta.o(.text)
    memset                                   0x08000229   Thumb Code    18  memseta.o(.text)
    __aeabi_llsl                             0x0800023b   Thumb Code    32  llshl.o(.text)
    _ll_shift_l                              0x0800023b   Thumb Code     0  llshl.o(.text)
    __scatterload                            0x0800025d   Thumb Code    28  init.o(.text)
    __scatterload_rt2                        0x0800025d   Thumb Code     0  init.o(.text)
    EXTI0_1_IRQHandler                       0x08000281   Thumb Code    10  stm32f0xx_it.o(i.EXTI0_1_IRQHandler)
    Error_Handler                            0x0800028b   Thumb Code     2  main.o(i.Error_Handler)
    FATFS_LinkDriver                         0x0800028d   Thumb Code    10  ff_gen_drv.o(i.FATFS_LinkDriver)
    FATFS_LinkDriverEx                       0x08000299   Thumb Code    60  ff_gen_drv.o(i.FATFS_LinkDriverEx)
    HAL_ADC_ConfigChannel                    0x080002d9   Thumb Code   284  stm32f0xx_hal_adc.o(i.HAL_ADC_ConfigChannel)
    HAL_ADC_Init                             0x08000405   Thumb Code   366  stm32f0xx_hal_adc.o(i.HAL_ADC_Init)
    HAL_ADC_MspInit                          0x0800057d   Thumb Code    28  adc.o(i.HAL_ADC_MspInit)
    HAL_Delay                                0x080005a1   Thumb Code    32  stm32f0xx_hal.o(i.HAL_Delay)
    HAL_GPIO_EXTI_Callback                   0x080005c5   Thumb Code     2  stm32f0xx_hal_gpio.o(i.HAL_GPIO_EXTI_Callback)
    HAL_GPIO_EXTI_IRQHandler                 0x080005c9   Thumb Code    18  stm32f0xx_hal_gpio.o(i.HAL_GPIO_EXTI_IRQHandler)
    HAL_GPIO_Init                            0x080005e1   Thumb Code   312  stm32f0xx_hal_gpio.o(i.HAL_GPIO_Init)
    HAL_GPIO_WritePin                        0x08000735   Thumb Code    12  stm32f0xx_hal_gpio.o(i.HAL_GPIO_WritePin)
    HAL_GetTick                              0x08000741   Thumb Code     6  stm32f0xx_hal.o(i.HAL_GetTick)
    HAL_HalfDuplex_Init                      0x0800074d   Thumb Code   116  stm32f0xx_hal_uart.o(i.HAL_HalfDuplex_Init)
    HAL_I2CEx_ConfigAnalogFilter             0x080007c1   Thumb Code    74  stm32f0xx_hal_i2c_ex.o(i.HAL_I2CEx_ConfigAnalogFilter)
    HAL_I2CEx_ConfigDigitalFilter            0x0800080b   Thumb Code    72  stm32f0xx_hal_i2c_ex.o(i.HAL_I2CEx_ConfigDigitalFilter)
    HAL_I2C_Init                             0x08000855   Thumb Code   176  stm32f0xx_hal_i2c.o(i.HAL_I2C_Init)
    HAL_I2C_Mem_Write                        0x08000909   Thumb Code   326  stm32f0xx_hal_i2c.o(i.HAL_I2C_Mem_Write)
    HAL_I2C_MspInit                          0x08000a55   Thumb Code    86  i2c.o(i.HAL_I2C_MspInit)
    HAL_IWDG_Init                            0x08000ab9   Thumb Code    86  stm32f0xx_hal_iwdg.o(i.HAL_IWDG_Init)
    HAL_IncTick                              0x08000b1d   Thumb Code    12  stm32f0xx_hal.o(i.HAL_IncTick)
    HAL_Init                                 0x08000b2d   Thumb Code    26  stm32f0xx_hal.o(i.HAL_Init)
    HAL_InitTick                             0x08000b4d   Thumb Code    98  stm32f0xx_hal_timebase_tim.o(i.HAL_InitTick)
    HAL_MspInit                              0x08000bc5   Thumb Code    44  stm32f0xx_hal_msp.o(i.HAL_MspInit)
    HAL_NVIC_EnableIRQ                       0x08000bf5   Thumb Code    18  stm32f0xx_hal_cortex.o(i.HAL_NVIC_EnableIRQ)
    HAL_NVIC_SetPriority                     0x08000c0d   Thumb Code     8  stm32f0xx_hal_cortex.o(i.HAL_NVIC_SetPriority)
    HAL_PCDEx_LPM_Callback                   0x08000c15   Thumb Code     2  stm32f0xx_hal_pcd_ex.o(i.HAL_PCDEx_LPM_Callback)
    HAL_PCD_DataInStageCallback              0x08000c17   Thumb Code    22  usbd_conf.o(i.HAL_PCD_DataInStageCallback)
    HAL_PCD_DataOutStageCallback             0x08000c2d   Thumb Code    26  usbd_conf.o(i.HAL_PCD_DataOutStageCallback)
    HAL_PCD_EP_ClrStall                      0x08000c47   Thumb Code    80  stm32f0xx_hal_pcd.o(i.HAL_PCD_EP_ClrStall)
    HAL_PCD_EP_Open                          0x08000c97   Thumb Code    82  stm32f0xx_hal_pcd.o(i.HAL_PCD_EP_Open)
    HAL_PCD_EP_Receive                       0x08000ce9   Thumb Code    40  stm32f0xx_hal_pcd.o(i.HAL_PCD_EP_Receive)
    HAL_PCD_EP_SetStall                      0x08000d11   Thumb Code   102  stm32f0xx_hal_pcd.o(i.HAL_PCD_EP_SetStall)
    HAL_PCD_EP_Transmit                      0x08000d77   Thumb Code    40  stm32f0xx_hal_pcd.o(i.HAL_PCD_EP_Transmit)
    HAL_PCD_IRQHandler                       0x08000d9f   Thumb Code   390  stm32f0xx_hal_pcd.o(i.HAL_PCD_IRQHandler)
    HAL_PCD_ResetCallback                    0x08000f25   Thumb Code    38  usbd_conf.o(i.HAL_PCD_ResetCallback)
    HAL_PCD_ResumeCallback                   0x08000f4d   Thumb Code    38  usbd_conf.o(i.HAL_PCD_ResumeCallback)
    HAL_PCD_SOFCallback                      0x08000f79   Thumb Code    16  usbd_conf.o(i.HAL_PCD_SOFCallback)
    HAL_PCD_SetAddress                       0x08000f89   Thumb Code    38  stm32f0xx_hal_pcd.o(i.HAL_PCD_SetAddress)
    HAL_PCD_SetupStageCallback               0x08000faf   Thumb Code    22  usbd_conf.o(i.HAL_PCD_SetupStageCallback)
    HAL_PCD_SuspendCallback                  0x08000fc5   Thumb Code    34  usbd_conf.o(i.HAL_PCD_SuspendCallback)
    HAL_RCCEx_PeriphCLKConfig                0x08000fed   Thumb Code   276  stm32f0xx_hal_rcc_ex.o(i.HAL_RCCEx_PeriphCLKConfig)
    HAL_RCC_ClockConfig                      0x0800110d   Thumb Code   256  stm32f0xx_hal_rcc.o(i.HAL_RCC_ClockConfig)
    HAL_RCC_GetClockConfig                   0x08001221   Thumb Code    46  stm32f0xx_hal_rcc.o(i.HAL_RCC_GetClockConfig)
    HAL_RCC_GetPCLK1Freq                     0x08001259   Thumb Code    20  stm32f0xx_hal_rcc.o(i.HAL_RCC_GetPCLK1Freq)
    HAL_RCC_GetSysClockFreq                  0x08001279   Thumb Code   102  stm32f0xx_hal_rcc.o(i.HAL_RCC_GetSysClockFreq)
    HAL_RCC_OscConfig                        0x0800130d   Thumb Code  1028  stm32f0xx_hal_rcc.o(i.HAL_RCC_OscConfig)
    HAL_SPI_Init                             0x08001711   Thumb Code   184  stm32f0xx_hal_spi.o(i.HAL_SPI_Init)
    HAL_SPI_MspInit                          0x080017c9   Thumb Code    84  spi.o(i.HAL_SPI_MspInit)
    HAL_TIMEx_BreakCallback                  0x08001825   Thumb Code     2  stm32f0xx_hal_tim_ex.o(i.HAL_TIMEx_BreakCallback)
    HAL_TIMEx_CommutCallback                 0x08001827   Thumb Code     2  stm32f0xx_hal_tim_ex.o(i.HAL_TIMEx_CommutCallback)
    HAL_TIMEx_MasterConfigSynchronization    0x08001829   Thumb Code    84  stm32f0xx_hal_tim_ex.o(i.HAL_TIMEx_MasterConfigSynchronization)
    HAL_TIM_Base_Init                        0x08001889   Thumb Code    52  stm32f0xx_hal_tim.o(i.HAL_TIM_Base_Init)
    HAL_TIM_Base_MspInit                     0x080018bd   Thumb Code     2  stm32f0xx_hal_tim.o(i.HAL_TIM_Base_MspInit)
    HAL_TIM_Base_Start_IT                    0x080018bf   Thumb Code    32  stm32f0xx_hal_tim.o(i.HAL_TIM_Base_Start_IT)
    HAL_TIM_Encoder_Init                     0x080018e1   Thumb Code   144  stm32f0xx_hal_tim.o(i.HAL_TIM_Encoder_Init)
    HAL_TIM_Encoder_MspInit                  0x0800197d   Thumb Code    82  tim.o(i.HAL_TIM_Encoder_MspInit)
    HAL_TIM_IC_CaptureCallback               0x080019d5   Thumb Code     2  stm32f0xx_hal_tim.o(i.HAL_TIM_IC_CaptureCallback)
    HAL_TIM_IRQHandler                       0x080019d7   Thumb Code   354  stm32f0xx_hal_tim.o(i.HAL_TIM_IRQHandler)
    HAL_TIM_OC_DelayElapsedCallback          0x08001b39   Thumb Code     2  stm32f0xx_hal_tim.o(i.HAL_TIM_OC_DelayElapsedCallback)
    HAL_TIM_PWM_PulseFinishedCallback        0x08001b3b   Thumb Code     2  stm32f0xx_hal_tim.o(i.HAL_TIM_PWM_PulseFinishedCallback)
    HAL_TIM_PeriodElapsedCallback            0x08001b3d   Thumb Code    16  main.o(i.HAL_TIM_PeriodElapsedCallback)
    HAL_TIM_TriggerCallback                  0x08001b51   Thumb Code     2  stm32f0xx_hal_tim.o(i.HAL_TIM_TriggerCallback)
    HAL_UART_MspInit                         0x08001b55   Thumb Code    86  usart.o(i.HAL_UART_MspInit)
    HardFault_Handler                        0x08001bb5   Thumb Code     2  stm32f0xx_it.o(i.HardFault_Handler)
    KeyPad_Init                              0x08001dc5   Thumb Code   126  keypad.o(i.KeyPad_Init)
    MX_ADC_Init                              0x08001e4d   Thumb Code    96  adc.o(i.MX_ADC_Init)
    MX_FATFS_Init                            0x08001eb5   Thumb Code    18  fatfs.o(i.MX_FATFS_Init)
    MX_GPIO_Init                             0x08001ed1   Thumb Code   278  gpio.o(i.MX_GPIO_Init)
    MX_I2C1_Init                             0x08002001   Thumb Code    76  i2c.o(i.MX_I2C1_Init)
    MX_IWDG_Init                             0x08002059   Thumb Code    32  iwdg.o(i.MX_IWDG_Init)
    MX_SPI1_Init                             0x08002085   Thumb Code    66  spi.o(i.MX_SPI1_Init)
    MX_TIM2_Init                             0x080020d1   Thumb Code    94  tim.o(i.MX_TIM2_Init)
    MX_USART1_UART_Init                      0x08002135   Thumb Code    48  usart.o(i.MX_USART1_UART_Init)
    NMI_Handler                              0x0800216d   Thumb Code     2  stm32f0xx_it.o(i.NMI_Handler)
    SVC_Handler                              0x0800241d   Thumb Code     2  port.o(i.SVC_Handler)
    SysTick_Handler                          0x08002421   Thumb Code    32  port.o(i.SysTick_Handler)
    SystemClock_Config                       0x08002445   Thumb Code   110  main.o(i.SystemClock_Config)
    SystemInit                               0x080024b9   Thumb Code    76  system_stm32f0xx.o(i.SystemInit)
    TIM6_DAC_IRQHandler                      0x08002515   Thumb Code    10  stm32f0xx_it.o(i.TIM6_DAC_IRQHandler)
    TIM_Base_SetConfig                       0x08002525   Thumb Code   124  stm32f0xx_hal_tim.o(i.TIM_Base_SetConfig)
    UART_AdvFeatureConfig                    0x080025b9   Thumb Code   202  stm32f0xx_hal_uart.o(i.UART_AdvFeatureConfig)
    UART_CheckIdleState                      0x08002685   Thumb Code    90  stm32f0xx_hal_uart.o(i.UART_CheckIdleState)
    UART_SetConfig                           0x080026e5   Thumb Code   348  stm32f0xx_hal_uart.o(i.UART_SetConfig)
    UART_WaitOnFlagUntilTimeout              0x08002865   Thumb Code   154  stm32f0xx_hal_uart.o(i.UART_WaitOnFlagUntilTimeout)
    USBD_ClrClassConfig                      0x080028ff   Thumb Code    18  usbd_core.o(i.USBD_ClrClassConfig)
    USBD_CtlContinueRx                       0x08002911   Thumb Code    16  usbd_ioreq.o(i.USBD_CtlContinueRx)
    USBD_CtlContinueSendData                 0x08002921   Thumb Code    16  usbd_ioreq.o(i.USBD_CtlContinueSendData)
    USBD_CtlError                            0x08002931   Thumb Code    20  usbd_ctlreq.o(i.USBD_CtlError)
    USBD_CtlReceiveStatus                    0x08002945   Thumb Code    24  usbd_ioreq.o(i.USBD_CtlReceiveStatus)
    USBD_CtlSendData                         0x0800295d   Thumb Code    30  usbd_ioreq.o(i.USBD_CtlSendData)
    USBD_CtlSendStatus                       0x0800297b   Thumb Code    26  usbd_ioreq.o(i.USBD_CtlSendStatus)
    USBD_LL_ClearStallEP                     0x08002a95   Thumb Code    20  usbd_conf.o(i.USBD_LL_ClearStallEP)
    USBD_LL_DataInStage                      0x08002aa9   Thumb Code   198  usbd_core.o(i.USBD_LL_DataInStage)
    USBD_LL_DataOutStage                     0x08002b6f   Thumb Code   130  usbd_core.o(i.USBD_LL_DataOutStage)
    USBD_LL_IsStallEP                        0x08002bf1   Thumb Code    32  usbd_conf.o(i.USBD_LL_IsStallEP)
    USBD_LL_OpenEP                           0x08002c11   Thumb Code    26  usbd_conf.o(i.USBD_LL_OpenEP)
    USBD_LL_PrepareReceive                   0x08002c2b   Thumb Code    20  usbd_conf.o(i.USBD_LL_PrepareReceive)
    USBD_LL_Reset                            0x08002c3f   Thumb Code    78  usbd_core.o(i.USBD_LL_Reset)
    USBD_LL_Resume                           0x08002c8d   Thumb Code    20  usbd_core.o(i.USBD_LL_Resume)
    USBD_LL_SOF                              0x08002ca1   Thumb Code    28  usbd_core.o(i.USBD_LL_SOF)
    USBD_LL_SetSpeed                         0x08002cbd   Thumb Code     6  usbd_core.o(i.USBD_LL_SetSpeed)
    USBD_LL_SetUSBAddress                    0x08002cc3   Thumb Code    20  usbd_conf.o(i.USBD_LL_SetUSBAddress)
    USBD_LL_SetupStage                       0x08002cd7   Thumb Code    96  usbd_core.o(i.USBD_LL_SetupStage)
    USBD_LL_StallEP                          0x08002d37   Thumb Code    20  usbd_conf.o(i.USBD_LL_StallEP)
    USBD_LL_Suspend                          0x08002d4b   Thumb Code    18  usbd_core.o(i.USBD_LL_Suspend)
    USBD_LL_Transmit                         0x08002d5d   Thumb Code    20  usbd_conf.o(i.USBD_LL_Transmit)
    USBD_ParseSetupRequest                   0x08002d71   Thumb Code    40  usbd_ctlreq.o(i.USBD_ParseSetupRequest)
    USBD_SetClassConfig                      0x08002d99   Thumb Code    30  usbd_core.o(i.USBD_SetClassConfig)
    USBD_StdDevReq                           0x08002e3d   Thumb Code   266  usbd_ctlreq.o(i.USBD_StdDevReq)
    USBD_StdEPReq                            0x08002f47   Thumb Code   362  usbd_ctlreq.o(i.USBD_StdEPReq)
    USBD_StdItfReq                           0x080030b1   Thumb Code    84  usbd_ctlreq.o(i.USBD_StdItfReq)
    USB_ActivateEndpoint                     0x08003105   Thumb Code   568  stm32f0xx_ll_usb.o(i.USB_ActivateEndpoint)
    USB_EP0_OutStart                         0x08003359   Thumb Code     4  stm32f0xx_ll_usb.o(i.USB_EP0_OutStart)
    USB_EPClearStall                         0x0800335d   Thumb Code   110  stm32f0xx_ll_usb.o(i.USB_EPClearStall)
    USB_EPSetStall                           0x080033d9   Thumb Code    42  stm32f0xx_ll_usb.o(i.USB_EPSetStall)
    USB_EPStartXfer                          0x08003411   Thumb Code   398  stm32f0xx_ll_usb.o(i.USB_EPStartXfer)
    USB_IRQHandler                           0x080035b5   Thumb Code    10  stm32f0xx_it.o(i.USB_IRQHandler)
    USB_ReadInterrupts                       0x080035c5   Thumb Code     6  stm32f0xx_ll_usb.o(i.USB_ReadInterrupts)
    USB_ReadPMA                              0x080035cb   Thumb Code    42  stm32f0xx_ll_usb.o(i.USB_ReadPMA)
    USB_SetDevAddress                        0x080035f5   Thumb Code    14  stm32f0xx_ll_usb.o(i.USB_SetDevAddress)
    USB_WritePMA                             0x08003603   Thumb Code    38  stm32f0xx_ll_usb.o(i.USB_WritePMA)
    USER_initialize                          0x08003629   Thumb Code    10  user_diskio.o(i.USER_initialize)
    USER_ioctl                               0x08003639   Thumb Code     4  user_diskio.o(i.USER_ioctl)
    USER_read                                0x0800363d   Thumb Code     4  user_diskio.o(i.USER_read)
    USER_status                              0x08003641   Thumb Code    10  user_diskio.o(i.USER_status)
    USER_write                               0x08003651   Thumb Code     4  user_diskio.o(i.USER_write)
    __0sprintf$1                             0x08003655   Thumb Code    36  printf1.o(i.__0sprintf$1)
    __1sprintf$1                             0x08003655   Thumb Code     0  printf1.o(i.__0sprintf$1)
    __2sprintf                               0x08003655   Thumb Code     0  printf1.o(i.__0sprintf$1)
    __ARM_common_ll_muluu                    0x0800367d   Thumb Code    48  stm32f0xx_hal_rcc.o(i.__ARM_common_ll_muluu)
    __ARM_common_switch8                     0x080036ad   Thumb Code    26  stm32f0xx_hal_dma.o(i.__ARM_common_switch8)
    __scatterload_copy                       0x0800370d   Thumb Code    14  handlers.o(i.__scatterload_copy)
    __scatterload_null                       0x0800371b   Thumb Code     2  handlers.o(i.__scatterload_null)
    __scatterload_zeroinit                   0x0800371d   Thumb Code    14  handlers.o(i.__scatterload_zeroinit)
    main                                     0x08003889   Thumb Code   182  main.o(i.main)
    ssd1306_DrawPixel                        0x08003989   Thumb Code    60  ssd1306.o(i.ssd1306_DrawPixel)
    ssd1306_Fill                             0x080039cd   Thumb Code    30  ssd1306.o(i.ssd1306_Fill)
    ssd1306_Init                             0x080039f1   Thumb Code   200  ssd1306.o(i.ssd1306_Init)
    ssd1306_SetCursor                        0x08003abd   Thumb Code     8  ssd1306.o(i.ssd1306_SetCursor)
    ssd1306_UpdateScreen                     0x08003ac9   Thumb Code    48  ssd1306.o(i.ssd1306_UpdateScreen)
    ssd1306_WriteChar                        0x08003afd   Thumb Code   146  ssd1306.o(i.ssd1306_WriteChar)
    ssd1306_WriteCommand                     0x08003b95   Thumb Code    34  ssd1306.o(i.ssd1306_WriteCommand)
    ssd1306_WriteData                        0x08003bbd   Thumb Code    28  ssd1306.o(i.ssd1306_WriteData)
    ssd1306_WriteString                      0x08003bdd   Thumb Code    44  ssd1306.o(i.ssd1306_WriteString)
    uxListRemove                             0x08003c09   Thumb Code    38  list.o(i.uxListRemove)
    vListInsertEnd                           0x08003c2f   Thumb Code    24  list.o(i.vListInsertEnd)
    vTaskSwitchContext                       0x08003c49   Thumb Code    78  tasks.o(i.vTaskSwitchContext)
    xTaskIncrementTick                       0x08003ca1   Thumb Code   180  tasks.o(i.xTaskIncrementTick)
    _KEYPAD_COLUMN_GPIO_PIN                  0x08004ab8   Data           8  keypad.o(.constdata)
    _KEYPAD_ROW_GPIO_PIN                     0x08004ac0   Data          12  keypad.o(.constdata)
    AHBPrescTable                            0x08004acc   Data          16  system_stm32f0xx.o(.constdata)
    APBPrescTable                            0x08004adc   Data           8  system_stm32f0xx.o(.constdata)
    Region$$Table$$Base                      0x08004ae4   Number         0  anon$$obj.o(Region$$Table)
    Region$$Table$$Limit                     0x08004b04   Number         0  anon$$obj.o(Region$$Table)
    Font_6x8                                 0x20000008   Data           8  ssd1306_fonts.o(.data)
    Font_7x10                                0x20000010   Data           8  ssd1306_fonts.o(.data)
    USER_Driver                              0x2000001c   Data          20  user_diskio.o(.data)
    retUSER                                  0x20000030   Data           1  fatfs.o(.data)
    USERPath                                 0x20000031   Data           4  fatfs.o(.data)
    KeyPad                                   0x20000038   Data           4  keypad.o(.data)
    _KEYPAD_COLUMN_GPIO_PORT                 0x2000003c   Data          16  keypad.o(.data)
    _KEYPAD_ROW_GPIO_PORT                    0x2000004c   Data          24  keypad.o(.data)
    uwTickFreq                               0x20000064   Data           1  stm32f0xx_hal.o(.data)
    uwTickPrio                               0x20000068   Data           4  stm32f0xx_hal.o(.data)
    uwTick                                   0x2000006c   Data           4  stm32f0xx_hal.o(.data)
    SystemCoreClock                          0x20000070   Data           4  system_stm32f0xx.o(.data)
    pxCurrentTCB                             0x20000074   Data           4  tasks.o(.data)
    hadc                                     0x200004b4   Data          64  adc.o(.bss)
    hi2c1                                    0x200004f4   Data          76  i2c.o(.bss)
    hiwdg                                    0x20000540   Data          16  iwdg.o(.bss)
    hspi1                                    0x20000550   Data         100  spi.o(.bss)
    htim2                                    0x200005b4   Data          64  tim.o(.bss)
    huart1                                   0x200005f4   Data         128  usart.o(.bss)
    hpcd_USB_FS                              0x20000688   Data         628  usbd_conf.o(.bss)
    htim6                                    0x200008fc   Data          64  stm32f0xx_hal_timebase_tim.o(.bss)
    disk                                     0x2000093c   Data          12  ff_gen_drv.o(.bss)
    __initial_sp                             0x20001038   Data           0  startup_stm32f072xb.o(STACK)



==============================================================================

Memory Map of the image

  Image Entry point : 0x080000c1

  Load Region LR_IROM1 (Base: 0x08000000, Size: 0x00004bb8, Max: 0x00010000, ABSOLUTE)

    Execution Region ER_IROM1 (Exec base: 0x08000000, Load base: 0x08000000, Size: 0x00004b04, Max: 0x00010000, ABSOLUTE)

    Exec Addr    Load Addr    Size         Type   Attr      Idx    E Section Name        Object

    0x08000000   0x08000000   0x000000c0   Data   RO            3    RESET               startup_stm32f072xb.o
    0x080000c0   0x080000c0   0x00000000   Code   RO         7128  * .ARM.Collect$$$$00000000  mc_p.l(entry.o)
    0x080000c0   0x080000c0   0x00000004   Code   RO         7436    .ARM.Collect$$$$00000001  mc_p.l(entry2.o)
    0x080000c4   0x080000c4   0x00000004   Code   RO         7439    .ARM.Collect$$$$00000004  mc_p.l(entry5.o)
    0x080000c8   0x080000c8   0x00000000   Code   RO         7441    .ARM.Collect$$$$00000008  mc_p.l(entry7b.o)
    0x080000c8   0x080000c8   0x00000000   Code   RO         7443    .ARM.Collect$$$$0000000A  mc_p.l(entry8b.o)
    0x080000c8   0x080000c8   0x00000008   Code   RO         7444    .ARM.Collect$$$$0000000B  mc_p.l(entry9a.o)
    0x080000d0   0x080000d0   0x00000000   Code   RO         7446    .ARM.Collect$$$$0000000D  mc_p.l(entry10a.o)
    0x080000d0   0x080000d0   0x00000000   Code   RO         7448    .ARM.Collect$$$$0000000F  mc_p.l(entry11a.o)
    0x080000d0   0x080000d0   0x00000004   Code   RO         7437    .ARM.Collect$$$$00002712  mc_p.l(entry2.o)
    0x080000d4   0x080000d4   0x00000078   Code   RO         6739    .emb_text           port.o
    0x0800014c   0x0800014c   0x0000001c   Code   RO            4    .text               startup_stm32f072xb.o
    0x08000168   0x08000168   0x0000002c   Code   RO         7131    .text               mc_p.l(uidiv.o)
    0x08000194   0x08000194   0x00000060   Code   RO         7133    .text               mc_p.l(uldiv.o)
    0x080001f4   0x080001f4   0x00000022   Code   RO         7135    .text               mc_p.l(llushr.o)
    0x08000216   0x08000216   0x00000024   Code   RO         7141    .text               mc_p.l(memseta.o)
    0x0800023a   0x0800023a   0x00000020   Code   RO         7453    .text               mc_p.l(llshl.o)
    0x0800025a   0x0800025a   0x00000002   PAD
    0x0800025c   0x0800025c   0x00000024   Code   RO         7468    .text               mc_p.l(init.o)
    0x08000280   0x08000280   0x0000000a   Code   RO         1094    i.EXTI0_1_IRQHandler  stm32f0xx_it.o
    0x0800028a   0x0800028a   0x00000002   Code   RO          230    i.Error_Handler     main.o
    0x0800028c   0x0800028c   0x0000000a   Code   RO         5535    i.FATFS_LinkDriver  ff_gen_drv.o
    0x08000296   0x08000296   0x00000002   PAD
    0x08000298   0x08000298   0x00000040   Code   RO         5536    i.FATFS_LinkDriverEx  ff_gen_drv.o
    0x080002d8   0x080002d8   0x0000012c   Code   RO         3214    i.HAL_ADC_ConfigChannel  stm32f0xx_hal_adc.o
    0x08000404   0x08000404   0x00000178   Code   RO         3223    i.HAL_ADC_Init      stm32f0xx_hal_adc.o
    0x0800057c   0x0800057c   0x00000024   Code   RO          422    i.HAL_ADC_MspInit   adc.o
    0x080005a0   0x080005a0   0x00000024   Code   RO         1895    i.HAL_Delay         stm32f0xx_hal.o
    0x080005c4   0x080005c4   0x00000002   Code   RO         2552    i.HAL_GPIO_EXTI_Callback  stm32f0xx_hal_gpio.o
    0x080005c6   0x080005c6   0x00000002   PAD
    0x080005c8   0x080005c8   0x00000018   Code   RO         2553    i.HAL_GPIO_EXTI_IRQHandler  stm32f0xx_hal_gpio.o
    0x080005e0   0x080005e0   0x00000154   Code   RO         2554    i.HAL_GPIO_Init     stm32f0xx_hal_gpio.o
    0x08000734   0x08000734   0x0000000c   Code   RO         2558    i.HAL_GPIO_WritePin  stm32f0xx_hal_gpio.o
    0x08000740   0x08000740   0x0000000c   Code   RO         1899    i.HAL_GetTick       stm32f0xx_hal.o
    0x0800074c   0x0800074c   0x00000074   Code   RO         4706    i.HAL_HalfDuplex_Init  stm32f0xx_hal_uart.o
    0x080007c0   0x080007c0   0x0000004a   Code   RO         2501    i.HAL_I2CEx_ConfigAnalogFilter  stm32f0xx_hal_i2c_ex.o
    0x0800080a   0x0800080a   0x00000048   Code   RO         2502    i.HAL_I2CEx_ConfigDigitalFilter  stm32f0xx_hal_i2c_ex.o
    0x08000852   0x08000852   0x00000002   PAD
    0x08000854   0x08000854   0x000000b4   Code   RO         2059    i.HAL_I2C_Init      stm32f0xx_hal_i2c.o
    0x08000908   0x08000908   0x0000014c   Code   RO         2080    i.HAL_I2C_Mem_Write  stm32f0xx_hal_i2c.o
    0x08000a54   0x08000a54   0x00000064   Code   RO          593    i.HAL_I2C_MspInit   i2c.o
    0x08000ab8   0x08000ab8   0x00000064   Code   RO         3403    i.HAL_IWDG_Init     stm32f0xx_hal_iwdg.o
    0x08000b1c   0x08000b1c   0x00000010   Code   RO         1905    i.HAL_IncTick       stm32f0xx_hal.o
    0x08000b2c   0x08000b2c   0x00000020   Code   RO         1906    i.HAL_Init          stm32f0xx_hal.o
    0x08000b4c   0x08000b4c   0x00000078   Code   RO         1162    i.HAL_InitTick      stm32f0xx_hal_timebase_tim.o
    0x08000bc4   0x08000bc4   0x00000030   Code   RO         1142    i.HAL_MspInit       stm32f0xx_hal_msp.o
    0x08000bf4   0x08000bf4   0x00000018   Code   RO         2713    i.HAL_NVIC_EnableIRQ  stm32f0xx_hal_cortex.o
    0x08000c0c   0x08000c0c   0x00000008   Code   RO         2717    i.HAL_NVIC_SetPriority  stm32f0xx_hal_cortex.o
    0x08000c14   0x08000c14   0x00000002   Code   RO         1654    i.HAL_PCDEx_LPM_Callback  stm32f0xx_hal_pcd_ex.o
    0x08000c16   0x08000c16   0x00000016   Code   RO          811    i.HAL_PCD_DataInStageCallback  usbd_conf.o
    0x08000c2c   0x08000c2c   0x0000001a   Code   RO          812    i.HAL_PCD_DataOutStageCallback  usbd_conf.o
    0x08000c46   0x08000c46   0x00000050   Code   RO         1448    i.HAL_PCD_EP_ClrStall  stm32f0xx_hal_pcd.o
    0x08000c96   0x08000c96   0x00000052   Code   RO         1451    i.HAL_PCD_EP_Open   stm32f0xx_hal_pcd.o
    0x08000ce8   0x08000ce8   0x00000028   Code   RO         1452    i.HAL_PCD_EP_Receive  stm32f0xx_hal_pcd.o
    0x08000d10   0x08000d10   0x00000066   Code   RO         1453    i.HAL_PCD_EP_SetStall  stm32f0xx_hal_pcd.o
    0x08000d76   0x08000d76   0x00000028   Code   RO         1454    i.HAL_PCD_EP_Transmit  stm32f0xx_hal_pcd.o
    0x08000d9e   0x08000d9e   0x00000186   Code   RO         1456    i.HAL_PCD_IRQHandler  stm32f0xx_hal_pcd.o
    0x08000f24   0x08000f24   0x00000026   Code   RO          818    i.HAL_PCD_ResetCallback  usbd_conf.o
    0x08000f4a   0x08000f4a   0x00000002   PAD
    0x08000f4c   0x08000f4c   0x0000002c   Code   RO          819    i.HAL_PCD_ResumeCallback  usbd_conf.o
    0x08000f78   0x08000f78   0x00000010   Code   RO          820    i.HAL_PCD_SOFCallback  usbd_conf.o
    0x08000f88   0x08000f88   0x00000026   Code   RO         1465    i.HAL_PCD_SetAddress  stm32f0xx_hal_pcd.o
    0x08000fae   0x08000fae   0x00000016   Code   RO          821    i.HAL_PCD_SetupStageCallback  usbd_conf.o
    0x08000fc4   0x08000fc4   0x00000028   Code   RO          822    i.HAL_PCD_SuspendCallback  usbd_conf.o
    0x08000fec   0x08000fec   0x00000120   Code   RO         1815    i.HAL_RCCEx_PeriphCLKConfig  stm32f0xx_hal_rcc_ex.o
    0x0800110c   0x0800110c   0x00000114   Code   RO         1711    i.HAL_RCC_ClockConfig  stm32f0xx_hal_rcc.o
    0x08001220   0x08001220   0x00000038   Code   RO         1715    i.HAL_RCC_GetClockConfig  stm32f0xx_hal_rcc.o
    0x08001258   0x08001258   0x00000020   Code   RO         1718    i.HAL_RCC_GetPCLK1Freq  stm32f0xx_hal_rcc.o
    0x08001278   0x08001278   0x00000094   Code   RO         1719    i.HAL_RCC_GetSysClockFreq  stm32f0xx_hal_rcc.o
    0x0800130c   0x0800130c   0x00000404   Code   RO         1722    i.HAL_RCC_OscConfig  stm32f0xx_hal_rcc.o
    0x08001710   0x08001710   0x000000b8   Code   RO         3440    i.HAL_SPI_Init      stm32f0xx_hal_spi.o
    0x080017c8   0x080017c8   0x0000005c   Code   RO          657    i.HAL_SPI_MspInit   spi.o
    0x08001824   0x08001824   0x00000002   Code   RO         4457    i.HAL_TIMEx_BreakCallback  stm32f0xx_hal_tim_ex.o
    0x08001826   0x08001826   0x00000002   Code   RO         4458    i.HAL_TIMEx_CommutCallback  stm32f0xx_hal_tim_ex.o
    0x08001828   0x08001828   0x00000060   Code   RO         4475    i.HAL_TIMEx_MasterConfigSynchronization  stm32f0xx_hal_tim_ex.o
    0x08001888   0x08001888   0x00000034   Code   RO         3774    i.HAL_TIM_Base_Init  stm32f0xx_hal_tim.o
    0x080018bc   0x080018bc   0x00000002   Code   RO         3776    i.HAL_TIM_Base_MspInit  stm32f0xx_hal_tim.o
    0x080018be   0x080018be   0x00000020   Code   RO         3779    i.HAL_TIM_Base_Start_IT  stm32f0xx_hal_tim.o
    0x080018de   0x080018de   0x00000002   PAD
    0x080018e0   0x080018e0   0x0000009c   Code   RO         3794    i.HAL_TIM_Encoder_Init  stm32f0xx_hal_tim.o
    0x0800197c   0x0800197c   0x00000058   Code   RO          695    i.HAL_TIM_Encoder_MspInit  tim.o
    0x080019d4   0x080019d4   0x00000002   Code   RO         3805    i.HAL_TIM_IC_CaptureCallback  stm32f0xx_hal_tim.o
    0x080019d6   0x080019d6   0x00000162   Code   RO         3819    i.HAL_TIM_IRQHandler  stm32f0xx_hal_tim.o
    0x08001b38   0x08001b38   0x00000002   Code   RO         3822    i.HAL_TIM_OC_DelayElapsedCallback  stm32f0xx_hal_tim.o
    0x08001b3a   0x08001b3a   0x00000002   Code   RO         3849    i.HAL_TIM_PWM_PulseFinishedCallback  stm32f0xx_hal_tim.o
    0x08001b3c   0x08001b3c   0x00000014   Code   RO          231    i.HAL_TIM_PeriodElapsedCallback  main.o
    0x08001b50   0x08001b50   0x00000002   Code   RO         3862    i.HAL_TIM_TriggerCallback  stm32f0xx_hal_tim.o
    0x08001b52   0x08001b52   0x00000002   PAD
    0x08001b54   0x08001b54   0x00000060   Code   RO          733    i.HAL_UART_MspInit  usart.o
    0x08001bb4   0x08001bb4   0x00000002   Code   RO         1095    i.HardFault_Handler  stm32f0xx_it.o
    0x08001bb6   0x08001bb6   0x00000022   Code   RO         2106    i.I2C_Flush_TXDR    stm32f0xx_hal_i2c.o
    0x08001bd8   0x08001bd8   0x00000078   Code   RO         2114    i.I2C_IsAcknowledgeFailed  stm32f0xx_hal_i2c.o
    0x08001c50   0x08001c50   0x00000060   Code   RO         2118    i.I2C_RequestMemoryWrite  stm32f0xx_hal_i2c.o
    0x08001cb0   0x08001cb0   0x00000028   Code   RO         2121    i.I2C_TransferConfig  stm32f0xx_hal_i2c.o
    0x08001cd8   0x08001cd8   0x0000004e   Code   RO         2122    i.I2C_WaitOnFlagUntilTimeout  stm32f0xx_hal_i2c.o
    0x08001d26   0x08001d26   0x0000004c   Code   RO         2124    i.I2C_WaitOnSTOPFlagUntilTimeout  stm32f0xx_hal_i2c.o
    0x08001d72   0x08001d72   0x00000050   Code   RO         2125    i.I2C_WaitOnTXISFlagUntilTimeout  stm32f0xx_hal_i2c.o
    0x08001dc2   0x08001dc2   0x00000002   PAD
    0x08001dc4   0x08001dc4   0x00000088   Code   RO         1197    i.KeyPad_Init       keypad.o
    0x08001e4c   0x08001e4c   0x00000068   Code   RO          423    i.MX_ADC_Init       adc.o
    0x08001eb4   0x08001eb4   0x0000001c   Code   RO          525    i.MX_FATFS_Init     fatfs.o
    0x08001ed0   0x08001ed0   0x00000130   Code   RO          401    i.MX_GPIO_Init      gpio.o
    0x08002000   0x08002000   0x00000058   Code   RO          594    i.MX_I2C1_Init      i2c.o
    0x08002058   0x08002058   0x0000002c   Code   RO          630    i.MX_IWDG_Init      iwdg.o
    0x08002084   0x08002084   0x0000004c   Code   RO          658    i.MX_SPI1_Init      spi.o
    0x080020d0   0x080020d0   0x00000064   Code   RO          696    i.MX_TIM2_Init      tim.o
    0x08002134   0x08002134   0x00000038   Code   RO          734    i.MX_USART1_UART_Init  usart.o
    0x0800216c   0x0800216c   0x00000002   Code   RO         1096    i.NMI_Handler       stm32f0xx_it.o
    0x0800216e   0x0800216e   0x00000002   PAD
    0x08002170   0x08002170   0x000002ac   Code   RO         1470    i.PCD_EP_ISR_Handler  stm32f0xx_hal_pcd.o
    0x0800241c   0x0800241c   0x00000002   Code   RO         6740    i.SVC_Handler       port.o
    0x0800241e   0x0800241e   0x00000002   PAD
    0x08002420   0x08002420   0x00000024   Code   RO         6741    i.SysTick_Handler   port.o
    0x08002444   0x08002444   0x00000074   Code   RO          232    i.SystemClock_Config  main.o
    0x080024b8   0x080024b8   0x0000005c   Code   RO         5125    i.SystemInit        system_stm32f0xx.o
    0x08002514   0x08002514   0x00000010   Code   RO         1097    i.TIM6_DAC_IRQHandler  stm32f0xx_it.o
    0x08002524   0x08002524   0x00000094   Code   RO         3864    i.TIM_Base_SetConfig  stm32f0xx_hal_tim.o
    0x080025b8   0x080025b8   0x000000ca   Code   RO         4746    i.UART_AdvFeatureConfig  stm32f0xx_hal_uart.o
    0x08002682   0x08002682   0x00000002   PAD
    0x08002684   0x08002684   0x00000060   Code   RO         4747    i.UART_CheckIdleState  stm32f0xx_hal_uart.o
    0x080026e4   0x080026e4   0x00000180   Code   RO         4762    i.UART_SetConfig    stm32f0xx_hal_uart.o
    0x08002864   0x08002864   0x0000009a   Code   RO         4765    i.UART_WaitOnFlagUntilTimeout  stm32f0xx_hal_uart.o
    0x080028fe   0x080028fe   0x00000012   Code   RO         6806    i.USBD_ClrClassConfig  usbd_core.o
    0x08002910   0x08002910   0x00000010   Code   RO         7001    i.USBD_CtlContinueRx  usbd_ioreq.o
    0x08002920   0x08002920   0x00000010   Code   RO         7002    i.USBD_CtlContinueSendData  usbd_ioreq.o
    0x08002930   0x08002930   0x00000014   Code   RO         6940    i.USBD_CtlError     usbd_ctlreq.o
    0x08002944   0x08002944   0x00000018   Code   RO         7004    i.USBD_CtlReceiveStatus  usbd_ioreq.o
    0x0800295c   0x0800295c   0x0000001e   Code   RO         7005    i.USBD_CtlSendData  usbd_ioreq.o
    0x0800297a   0x0800297a   0x0000001a   Code   RO         7006    i.USBD_CtlSendStatus  usbd_ioreq.o
    0x08002994   0x08002994   0x000000e8   Code   RO         6941    i.USBD_GetDescriptor  usbd_ctlreq.o
    0x08002a7c   0x08002a7c   0x00000018   Code   RO          823    i.USBD_Get_USB_Status  usbd_conf.o
    0x08002a94   0x08002a94   0x00000014   Code   RO          824    i.USBD_LL_ClearStallEP  usbd_conf.o
    0x08002aa8   0x08002aa8   0x000000c6   Code   RO         6809    i.USBD_LL_DataInStage  usbd_core.o
    0x08002b6e   0x08002b6e   0x00000082   Code   RO         6810    i.USBD_LL_DataOutStage  usbd_core.o
    0x08002bf0   0x08002bf0   0x00000020   Code   RO          831    i.USBD_LL_IsStallEP  usbd_conf.o
    0x08002c10   0x08002c10   0x0000001a   Code   RO          832    i.USBD_LL_OpenEP    usbd_conf.o
    0x08002c2a   0x08002c2a   0x00000014   Code   RO          833    i.USBD_LL_PrepareReceive  usbd_conf.o
    0x08002c3e   0x08002c3e   0x0000004e   Code   RO         6815    i.USBD_LL_Reset     usbd_core.o
    0x08002c8c   0x08002c8c   0x00000014   Code   RO         6816    i.USBD_LL_Resume    usbd_core.o
    0x08002ca0   0x08002ca0   0x0000001c   Code   RO         6817    i.USBD_LL_SOF       usbd_core.o
    0x08002cbc   0x08002cbc   0x00000006   Code   RO         6818    i.USBD_LL_SetSpeed  usbd_core.o
    0x08002cc2   0x08002cc2   0x00000014   Code   RO          834    i.USBD_LL_SetUSBAddress  usbd_conf.o
    0x08002cd6   0x08002cd6   0x00000060   Code   RO         6819    i.USBD_LL_SetupStage  usbd_core.o
    0x08002d36   0x08002d36   0x00000014   Code   RO          835    i.USBD_LL_StallEP   usbd_conf.o
    0x08002d4a   0x08002d4a   0x00000012   Code   RO         6820    i.USBD_LL_Suspend   usbd_core.o
    0x08002d5c   0x08002d5c   0x00000014   Code   RO          838    i.USBD_LL_Transmit  usbd_conf.o
    0x08002d70   0x08002d70   0x00000028   Code   RO         6943    i.USBD_ParseSetupRequest  usbd_ctlreq.o
    0x08002d98   0x08002d98   0x0000001e   Code   RO         6823    i.USBD_SetClassConfig  usbd_core.o
    0x08002db6   0x08002db6   0x00000002   PAD
    0x08002db8   0x08002db8   0x00000084   Code   RO         6944    i.USBD_SetConfig    usbd_ctlreq.o
    0x08002e3c   0x08002e3c   0x0000010a   Code   RO         6945    i.USBD_StdDevReq    usbd_ctlreq.o
    0x08002f46   0x08002f46   0x0000016a   Code   RO         6946    i.USBD_StdEPReq     usbd_ctlreq.o
    0x080030b0   0x080030b0   0x00000054   Code   RO         6947    i.USBD_StdItfReq    usbd_ctlreq.o
    0x08003104   0x08003104   0x00000254   Code   RO         1245    i.USB_ActivateEndpoint  stm32f0xx_ll_usb.o
    0x08003358   0x08003358   0x00000004   Code   RO         1255    i.USB_EP0_OutStart  stm32f0xx_ll_usb.o
    0x0800335c   0x0800335c   0x0000007c   Code   RO         1256    i.USB_EPClearStall  stm32f0xx_ll_usb.o
    0x080033d8   0x080033d8   0x00000038   Code   RO         1257    i.USB_EPSetStall    stm32f0xx_ll_usb.o
    0x08003410   0x08003410   0x000001a4   Code   RO         1258    i.USB_EPStartXfer   stm32f0xx_ll_usb.o
    0x080035b4   0x080035b4   0x00000010   Code   RO         1098    i.USB_IRQHandler    stm32f0xx_it.o
    0x080035c4   0x080035c4   0x00000006   Code   RO         1266    i.USB_ReadInterrupts  stm32f0xx_ll_usb.o
    0x080035ca   0x080035ca   0x0000002a   Code   RO         1267    i.USB_ReadPMA       stm32f0xx_ll_usb.o
    0x080035f4   0x080035f4   0x0000000e   Code   RO         1270    i.USB_SetDevAddress  stm32f0xx_ll_usb.o
    0x08003602   0x08003602   0x00000026   Code   RO         1273    i.USB_WritePMA      stm32f0xx_ll_usb.o
    0x08003628   0x08003628   0x00000010   Code   RO          459    i.USER_initialize   user_diskio.o
    0x08003638   0x08003638   0x00000004   Code   RO          460    i.USER_ioctl        user_diskio.o
    0x0800363c   0x0800363c   0x00000004   Code   RO          461    i.USER_read         user_diskio.o
    0x08003640   0x08003640   0x00000010   Code   RO          462    i.USER_status       user_diskio.o
    0x08003650   0x08003650   0x00000004   Code   RO          463    i.USER_write        user_diskio.o
    0x08003654   0x08003654   0x00000028   Code   RO         7192    i.__0sprintf$1      mc_p.l(printf1.o)
    0x0800367c   0x0800367c   0x00000030   Code   RO         1796    i.__ARM_common_ll_muluu  stm32f0xx_hal_rcc.o
    0x080036ac   0x080036ac   0x0000001a   Code   RO         2704    i.__ARM_common_switch8  stm32f0xx_hal_dma.o
    0x080036c6   0x080036c6   0x00000002   PAD
    0x080036c8   0x080036c8   0x00000044   Code   RO         2723    i.__NVIC_SetPriority  stm32f0xx_hal_cortex.o
    0x0800370c   0x0800370c   0x0000000e   Code   RO         7480    i.__scatterload_copy  mc_p.l(handlers.o)
    0x0800371a   0x0800371a   0x00000002   Code   RO         7481    i.__scatterload_null  mc_p.l(handlers.o)
    0x0800371c   0x0800371c   0x0000000e   Code   RO         7482    i.__scatterload_zeroinit  mc_p.l(handlers.o)
    0x0800372a   0x0800372a   0x00000002   PAD
    0x0800372c   0x0800372c   0x00000150   Code   RO         7197    i._printf_core      mc_p.l(printf1.o)
    0x0800387c   0x0800387c   0x0000000a   Code   RO         7199    i._sputc            mc_p.l(printf1.o)
    0x08003886   0x08003886   0x00000002   PAD
    0x08003888   0x08003888   0x000000e0   Code   RO          233    i.main              main.o
    0x08003968   0x08003968   0x00000020   Code   RO         6066    i.prvResetNextTaskUnblockTime  tasks.o
    0x08003988   0x08003988   0x00000044   Code   RO           12    i.ssd1306_DrawPixel  ssd1306.o
    0x080039cc   0x080039cc   0x00000024   Code   RO           13    i.ssd1306_Fill      ssd1306.o
    0x080039f0   0x080039f0   0x000000cc   Code   RO           14    i.ssd1306_Init      ssd1306.o
    0x08003abc   0x08003abc   0x0000000c   Code   RO           16    i.ssd1306_SetCursor  ssd1306.o
    0x08003ac8   0x08003ac8   0x00000034   Code   RO           17    i.ssd1306_UpdateScreen  ssd1306.o
    0x08003afc   0x08003afc   0x00000098   Code   RO           18    i.ssd1306_WriteChar  ssd1306.o
    0x08003b94   0x08003b94   0x00000028   Code   RO           19    i.ssd1306_WriteCommand  ssd1306.o
    0x08003bbc   0x08003bbc   0x00000020   Code   RO           20    i.ssd1306_WriteData  ssd1306.o
    0x08003bdc   0x08003bdc   0x0000002c   Code   RO           21    i.ssd1306_WriteString  ssd1306.o
    0x08003c08   0x08003c08   0x00000026   Code   RO         5749    i.uxListRemove      list.o
    0x08003c2e   0x08003c2e   0x00000018   Code   RO         5753    i.vListInsertEnd    list.o
    0x08003c46   0x08003c46   0x00000002   PAD
    0x08003c48   0x08003c48   0x00000058   Code   RO         6090    i.vTaskSwitchContext  tasks.o
    0x08003ca0   0x08003ca0   0x000000bc   Code   RO         6099    i.xTaskIncrementTick  tasks.o
    0x08003d5c   0x08003d5c   0x0000076c   Data   RO          209    .constdata          ssd1306_fonts.o
    0x080044c8   0x080044c8   0x000005f0   Data   RO          212    .constdata          ssd1306_fonts.o
    0x08004ab8   0x08004ab8   0x00000014   Data   RO         1201    .constdata          keypad.o
    0x08004acc   0x08004acc   0x00000010   Data   RO         5126    .constdata          system_stm32f0xx.o
    0x08004adc   0x08004adc   0x00000008   Data   RO         5127    .constdata          system_stm32f0xx.o
    0x08004ae4   0x08004ae4   0x00000020   Data   RO         7478    Region$$Table       anon$$obj.o


    Execution Region RW_IRAM1 (Exec base: 0x20000000, Load base: 0x08004b04, Size: 0x00001038, Max: 0x00004000, ABSOLUTE)

    Exec Addr    Load Addr    Size         Type   Attr      Idx    E Section Name        Object

    0x20000000   0x08004b04   0x00000006   Data   RW           23    .data               ssd1306.o
    0x20000006   0x08004b0a   0x00000002   PAD
    0x20000008   0x08004b0c   0x00000008   Data   RW          213    .data               ssd1306_fonts.o
    0x20000010   0x08004b14   0x00000008   Data   RW          214    .data               ssd1306_fonts.o
    0x20000018   0x08004b1c   0x00000001   Data   RW          464    .data               user_diskio.o
    0x20000019   0x08004b1d   0x00000003   PAD
    0x2000001c   0x08004b20   0x00000014   Data   RW          465    .data               user_diskio.o
    0x20000030   0x08004b34   0x00000005   Data   RW          528    .data               fatfs.o
    0x20000035   0x08004b39   0x00000003   PAD
    0x20000038   0x08004b3c   0x0000002c   Data   RW         1202    .data               keypad.o
    0x20000064   0x08004b68   0x0000000c   Data   RW         1913    .data               stm32f0xx_hal.o
    0x20000070   0x08004b74   0x00000004   Data   RW         5128    .data               system_stm32f0xx.o
    0x20000074   0x08004b78   0x0000003c   Data   RW         6108    .data               tasks.o
    0x200000b0   0x08004bb4   0x00000001   Data   RW         6948    .data               usbd_ctlreq.o
    0x200000b1   0x08004bb5   0x00000003   PAD
    0x200000b4        -       0x00000400   Zero   RW           22    .bss                ssd1306.o
    0x200004b4        -       0x00000040   Zero   RW          424    .bss                adc.o
    0x200004f4        -       0x0000004c   Zero   RW          595    .bss                i2c.o
    0x20000540        -       0x00000010   Zero   RW          631    .bss                iwdg.o
    0x20000550        -       0x00000064   Zero   RW          659    .bss                spi.o
    0x200005b4        -       0x00000040   Zero   RW          697    .bss                tim.o
    0x200005f4        -       0x00000080   Zero   RW          735    .bss                usart.o
    0x20000674        -       0x00000288   Zero   RW          841    .bss                usbd_conf.o
    0x200008fc        -       0x00000040   Zero   RW         1165    .bss                stm32f0xx_hal_timebase_tim.o
    0x2000093c        -       0x0000000c   Zero   RW         5539    .bss                ff_gen_drv.o
    0x20000948        -       0x000000f0   Zero   RW         6107    .bss                tasks.o
    0x20000a38        -       0x00000600   Zero   RW            1    STACK               startup_stm32f072xb.o


==============================================================================

Image component sizes


      Code (inc. data)   RO Data    RW Data    ZI Data      Debug   Object Name

       140         16          0          0         64       1323   adc.o
        28         10          0          5          0        898   fatfs.o
        74          4          0          0         12       1479   ff_gen_drv.o
       304         26          0          0          0        915   gpio.o
       188         26          0          0         76       1417   i2c.o
        44         12          0          0         16        567   iwdg.o
       136         10         20         44          0       1991   keypad.o
        62          0          0          0          0       1508   list.o
       362         52          0          0          0      35600   main.o
       158         14          0          0          0       1660   port.o
       168         18          0          0        100       1417   spi.o
       640         42          0          6       1024     526475   ssd1306.o
         0          0       3420         16          0       1215   ssd1306_fonts.o
        28          8        192          0       1536        588   startup_stm32f072xb.o
        96         20          0         12          0       7582   stm32f0xx_hal.o
       676         26          0          0          0       2495   stm32f0xx_hal_adc.o
       100         14          0          0          0       9412   stm32f0xx_hal_cortex.o
        26          0          0          0          0         72   stm32f0xx_hal_dma.o
       378         34          0          0          0       3280   stm32f0xx_hal_gpio.o
      1036         26          0          0          0       8811   stm32f0xx_hal_i2c.o
       146          0          0          0          0       1775   stm32f0xx_hal_i2c_ex.o
       100         14          0          0          0       1072   stm32f0xx_hal_iwdg.o
        48          4          0          0          0        718   stm32f0xx_hal_msp.o
      1456         26          0          0          0       7256   stm32f0xx_hal_pcd.o
         2          0          0          0          0       1007   stm32f0xx_hal_pcd_ex.o
      1588        106          0          0          0       5266   stm32f0xx_hal_rcc.o
       288         12          0          0          0       1476   stm32f0xx_hal_rcc_ex.o
       184          0          0          0          0       1127   stm32f0xx_hal_spi.o
       752         36          0          0          0       7255   stm32f0xx_hal_tim.o
       100         12          0          0          0       2261   stm32f0xx_hal_tim_ex.o
       120         22          0          0         64       1267   stm32f0xx_hal_timebase_tim.o
       952         42          0          0          0       4743   stm32f0xx_hal_uart.o
        46         12          0          0          0       1962   stm32f0xx_it.o
      1300         78          0          0          0       9666   stm32f0xx_ll_usb.o
        92         16         24          4          0       1011   system_stm32f0xx.o
       308         22          0         60        240       6448   tasks.o
       188         12          0          0         64       1533   tim.o
       152         18          0          0        128       1434   usart.o
       390         12          0          0        648       9072   usbd_conf.o
       622          0          0          0          0       7005   usbd_core.o
      1136         36          0          1          0       6787   usbd_ctlreq.o
       112          0          0          0          0       3408   usbd_ioreq.o
        44         12          0         21          0       9088   user_diskio.o

    ----------------------------------------------------------------------
     14796        850       3688        180       3972     701342   Object Totals
         0          0         32          0          0          0   (incl. Generated)
        26          0          0         11          0          0   (incl. Padding)

    ----------------------------------------------------------------------

      Code (inc. data)   RO Data    RW Data    ZI Data      Debug   Library Member Name

         0          0          0          0          0          0   entry.o
         0          0          0          0          0          0   entry10a.o
         0          0          0          0          0          0   entry11a.o
         8          4          0          0          0          0   entry2.o
         4          0          0          0          0          0   entry5.o
         0          0          0          0          0          0   entry7b.o
         0          0          0          0          0          0   entry8b.o
         8          4          0          0          0          0   entry9a.o
        30          0          0          0          0          0   handlers.o
        36          8          0          0          0         68   init.o
        32          0          0          0          0         68   llshl.o
        34          0          0          0          0         68   llushr.o
        36          0          0          0          0        100   memseta.o
       386          8          0          0          0        228   printf1.o
        44          0          0          0          0         72   uidiv.o
        96          0          0          0          0         84   uldiv.o

    ----------------------------------------------------------------------
       720         24          0          0          0        688   Library Totals
         6          0          0          0          0          0   (incl. Padding)

    ----------------------------------------------------------------------

      Code (inc. data)   RO Data    RW Data    ZI Data      Debug   Library Name

       714         24          0          0          0        688   mc_p.l

    ----------------------------------------------------------------------
       720         24          0          0          0        688   Library Totals

    ----------------------------------------------------------------------

==============================================================================


      Code (inc. data)   RO Data    RW Data    ZI Data      Debug   

     15516        874       3688        180       3972     695178   Grand Totals
     15516        874       3688        180       3972     695178   ELF Image Totals
     15516        874       3688        180          0          0   ROM Totals

==============================================================================

    Total RO  Size (Code + RO Data)                19204 (  18.75kB)
    Total RW  Size (RW Data + ZI Data)              4152 (   4.05kB)
    Total ROM Size (Code + RO Data + RW Data)      19384 (  18.93kB)

==============================================================================

